// Jest Snapshot v1, https://goo.gl/fbAQLP

exports[`nodes list to match snapshot 1`] = `
Array [
  "ArrayTypeName",
  "AssemblyAssignment",
  "AssemblyBlock",
  "AssemblyCall",
  "AssemblyCase",
  "AssemblyFor",
  "AssemblyIf",
  "AssemblyLocalDefinition",
  "AssemblySwitch",
  "BinaryOperation",
  "Block",
  "BooleanLiteral",
  "BreakStatement",
  "Conditional",
  "ContinueStatement",
  "ContractDefinition",
  "DecimalNumber",
  "ElementaryTypeName",
  "ElementaryTypeNameExpression",
  "EmitStatement",
  "EnumDefinition",
  "EnumValue",
  "EventDefinition",
  "ExpressionStatement",
  "ForStatement",
  "FunctionCall",
  "FunctionDefinition",
  "FunctionTypeName",
  "HexLiteral",
  "HexNumber",
  "Identifier",
  "IfStatement",
  "ImportDirective",
  "IndexAccess",
  "InheritanceSpecifier",
  "InlineAssemblyStatement",
  "LabelDefinition",
  "Mapping",
  "MemberAccess",
  "ModifierDefinition",
  "ModifierInvocation",
  "NewExpression",
  "NumberLiteral",
  "PragmaDirective",
  "ReturnStatement",
  "SourceUnit",
  "StateVariableDeclaration",
  "StringLiteral",
  "StructDefinition",
  "ThrowStatement",
  "TupleExpression",
  "UnaryOperation",
  "UserDefinedTypeName",
  "UsingForDeclaration",
  "VariableDeclaration",
  "VariableDeclarationStatement",
  "WhileStatement",
]
`;
