// Jest Snapshot v1, https://jestjs.io/docs/snapshot-testing

exports[`ModifierInvocations.sol - {"compiler":"0.4.26"} format 1`] = `
====================================options=====================================
compiler: "0.4.26"
parsers: ["slang"]
                                                      printWidth: 80 (default) |
=====================================input======================================
// SPDX-License-Identifier: MIT
pragma solidity 0.4.26;

contract ModifierDefinitions {
  // We enforce the use of parentheses in modifiers without parameters.
  modifier emptyParams {_;}
  modifier noParams() {_;}
}

contract ModifierInvocations is ModifierDefinitions {
  // We can't differentiate between constructor calls or modifiers, so we keep
  // parentheses untouched in constructors.
  function ModifierInvocations () emptyParams noParams() ModifierDefinitions() {}

  // We remove parentheses in modifiers without arguments.
  function test() public emptyParams noParams() {}
}

library ModifierInvocationsLibrary {
  // We enforce the use of parentheses in modifiers without parameters.
  modifier emptyParams {_;}
  modifier noParams() {_;}

  modifier nonZero (uint x) {
    require (x != 0);
    _;
  }

  function isPrime (uint x) public nonZero (x) returns (bool) {
    // Complicated logic here
  }

  // We remove parentheses in modifiers without arguments.
  function test() public emptyParams noParams() {}
}

=====================================output=====================================
// SPDX-License-Identifier: MIT
pragma solidity 0.4.26;

contract ModifierDefinitions {
    // We enforce the use of parentheses in modifiers without parameters.
    modifier emptyParams() {
        _;
    }
    modifier noParams() {
        _;
    }
}

contract ModifierInvocations is ModifierDefinitions {
    // We can't differentiate between constructor calls or modifiers, so we keep
    // parentheses untouched in constructors.
    function ModifierInvocations()
        emptyParams
        noParams()
        ModifierDefinitions()
    {}

    // We remove parentheses in modifiers without arguments.
    function test() public emptyParams noParams {}
}

library ModifierInvocationsLibrary {
    // We enforce the use of parentheses in modifiers without parameters.
    modifier emptyParams() {
        _;
    }
    modifier noParams() {
        _;
    }

    modifier nonZero(uint x) {
        require(x != 0);
        _;
    }

    function isPrime(uint x) public nonZero(x) returns (bool) {
        // Complicated logic here
    }

    // We remove parentheses in modifiers without arguments.
    function test() public emptyParams noParams {}
}

================================================================================
`;

exports[`ModifierInvocations.sol - {"compiler":"0.4.26"} locations 1`] = `
SourceUnit 0-1031
  SourceUnitMembers 0-1031
    PragmaDirective 32-55
      VersionPragma 39-54
        VersionExpressionSets 47-54
          VersionExpressionSet 47-54
            VersionTerm 47-54
              SimpleVersionLiteral 47-54
    ContractDefinition 57-216
      Identifier 66-85
      ContractSpecifiers 85-85
      ContractMembers 88-215
        ModifierDefinition 162-187
          Identifier 171-182
          ParametersDeclaration 182-182
            Parameters 182-182
          ModifierAttributes 182-182
          Block 183-187
            Statements 184-186
              ExpressionStatement 184-186
                Identifier 184-185
        ModifierDefinition 190-214
          Identifier 199-207
          ParametersDeclaration 207-209
            Parameters 208-208
          ModifierAttributes 209-209
          Block 210-214
            Statements 211-213
              ExpressionStatement 211-213
                Identifier 211-212
    ContractDefinition 218-589
      Identifier 227-246
      ContractSpecifiers 246-269
        InheritanceSpecifier 247-269
          InheritanceTypes 249-269
            InheritanceType 250-269
              IdentifierPath 250-269
                Identifier 250-269
      ContractMembers 272-588
        FunctionDefinition 397-476
          Identifier 406-425
          ParametersDeclaration 426-428
            Parameters 427-427
          FunctionAttributes 428-473
            ModifierInvocation 429-440
              IdentifierPath 429-440
                Identifier 429-440
            ModifierInvocation 441-451
              IdentifierPath 441-449
                Identifier 441-449
              PositionalArgumentsDeclaration 449-451
                PositionalArguments 450-450
            ModifierInvocation 452-473
              IdentifierPath 452-471
                Identifier 452-471
              PositionalArgumentsDeclaration 471-473
                PositionalArguments 472-472
          Block 474-476
            Statements 475-475
        FunctionDefinition 539-587
          Identifier 548-552
          ParametersDeclaration 552-554
            Parameters 553-553
          FunctionAttributes 554-584
            PublicKeyword 555-561
            ModifierInvocation 562-573
              IdentifierPath 562-573
                Identifier 562-573
            ModifierInvocation 574-584
              IdentifierPath 574-582
                Identifier 574-582
          Block 585-587
            Statements 586-586
    LibraryDefinition 591-1030
      Identifier 599-625
      LibraryMembers 628-1029
        ModifierDefinition 702-727
          Identifier 711-722
          ParametersDeclaration 722-722
            Parameters 722-722
          ModifierAttributes 722-722
          Block 723-727
            Statements 724-726
              ExpressionStatement 724-726
                Identifier 724-725
        ModifierDefinition 730-754
          Identifier 739-747
          ParametersDeclaration 747-749
            Parameters 748-748
          ModifierAttributes 749-749
          Block 750-754
            Statements 751-753
              ExpressionStatement 751-753
                Identifier 751-752
        ModifierDefinition 758-818
          Identifier 767-774
          ParametersDeclaration 775-783
            Parameters 776-782
              Parameter 776-782
                UintKeyword 776-780
                Identifier 781-782
          ModifierAttributes 783-783
          Block 784-818
            Statements 786-815
              ExpressionStatement 790-807
                FunctionCallExpression 790-806
                  Identifier 790-797
                  PositionalArgumentsDeclaration 798-806
                    PositionalArguments 799-805
                      EqualityExpression 799-805
                        Identifier 799-800
                        DecimalNumberExpression 804-805
              ExpressionStatement 812-814
                Identifier 812-813
        FunctionDefinition 822-917
          Identifier 831-838
          ParametersDeclaration 839-847
            Parameters 840-846
              Parameter 840-846
                UintKeyword 840-844
                Identifier 845-846
          FunctionAttributes 847-866
            PublicKeyword 848-854
            ModifierInvocation 855-866
              IdentifierPath 855-862
                Identifier 855-862
              PositionalArgumentsDeclaration 863-866
                PositionalArguments 864-865
                  Identifier 864-865
          ReturnsDeclaration 867-881
            ParametersDeclaration 875-881
              Parameters 876-880
                Parameter 876-880
                  BoolKeyword 876-880
          Block 882-917
            Statements 884-884
        FunctionDefinition 980-1028
          Identifier 989-993
          ParametersDeclaration 993-995
            Parameters 994-994
          FunctionAttributes 995-1025
            PublicKeyword 996-1002
            ModifierInvocation 1003-1014
              IdentifierPath 1003-1014
                Identifier 1003-1014
            ModifierInvocation 1015-1025
              IdentifierPath 1015-1023
                Identifier 1015-1023
          Block 1026-1028
            Statements 1027-1027
`;
