// Jest Snapshot v1, https://jestjs.io/docs/snapshot-testing

exports[`Proxy.sol format 1`] = `
====================================options=====================================
parsers: ["slang"]
                                                      printWidth: 80 (default) |
=====================================input======================================
pragma solidity ^0.4.24;

/**
 * @title Proxy
 * @dev Gives the possibility to delegate any call to a foreign implementation.
 */
contract Proxy {

    /**
    * @dev Tells the address of the implementation where every call will be delegated.
    * @return address of the implementation to which it will be delegated
    */
    function _implementation() internal view returns (address);

    /**
    * @dev Fallback function.
    * Implemented entirely in \`_fallback\`.
    */
    function _fallback() internal {
        _delegate(_implementation());
    }

    /**
    * @dev Fallback function allowing to perform a delegatecall to the given implementation.
    * This function will return whatever the implementation call returns
    */
    function _delegate(address implementation) internal {
        /*solium-disable-next-line security/no-inline-assembly*/
        assembly {
            // Copy msg.data. We take full control of memory in this inline assembly
            // block because it will not return to Solidity code. We overwrite the
            // Solidity scratch pad at memory position 0.
            calldatacopy(0, 0, calldatasize)

            // Call the implementation.
            // out and outsize are 0 because we don't know the size yet.
            let result := delegatecall(gas, implementation, 0, calldatasize, 0, 0)

            // Copy the returned data.
            returndatacopy(0, 0, returndatasize)

            switch result
            // delegatecall returns 0 on error.
            case 0 { revert(0, returndatasize) }
            default { return(0, returndatasize) }
        }
    }

    function () public payable {
        _fallback();
    }
}

=====================================output=====================================
pragma solidity ^0.4.24;

/**
 * @title Proxy
 * @dev Gives the possibility to delegate any call to a foreign implementation.
 */
contract Proxy {
    /**
     * @dev Tells the address of the implementation where every call will be delegated.
     * @return address of the implementation to which it will be delegated
     */
    function _implementation() internal view returns (address);

    /**
     * @dev Fallback function.
     * Implemented entirely in \`_fallback\`.
     */
    function _fallback() internal {
        _delegate(_implementation());
    }

    /**
     * @dev Fallback function allowing to perform a delegatecall to the given implementation.
     * This function will return whatever the implementation call returns
     */
    function _delegate(address implementation) internal {
        /*solium-disable-next-line security/no-inline-assembly*/
        assembly {
            // Copy msg.data. We take full control of memory in this inline assembly
            // block because it will not return to Solidity code. We overwrite the
            // Solidity scratch pad at memory position 0.
            calldatacopy(0, 0, calldatasize)

            // Call the implementation.
            // out and outsize are 0 because we don't know the size yet.
            let result := delegatecall(
                gas,
                implementation,
                0,
                calldatasize,
                0,
                0
            )

            // Copy the returned data.
            returndatacopy(0, 0, returndatasize)

            switch result
            // delegatecall returns 0 on error.
            case 0 {
                revert(0, returndatasize)
            }
            default {
                return(0, returndatasize)
            }
        }
    }

    function() public payable {
        _fallback();
    }
}

================================================================================
`;

exports[`Proxy.sol locations 1`] = `
SourceUnit 0-1691
  SourceUnitMembers 0-1691
    PragmaDirective 0-24
      VersionPragma 7-23
        VersionExpressionSets 15-23
          VersionExpressionSet 15-23
            VersionTerm 16-23
              VersionOperator 16-17
              SimpleVersionLiteral 17-23
    ContractDefinition 130-1690
      Identifier 139-144
      ContractSpecifiers 144-144
      ContractMembers 147-1689
        FunctionDefinition 328-387
          Identifier 337-352
          ParametersDeclaration 352-354
            Parameters 353-353
          FunctionAttributes 354-368
            InternalKeyword 355-363
            ViewKeyword 364-368
          ReturnsDeclaration 369-386
            ParametersDeclaration 377-386
              Parameters 378-385
                Parameter 378-385
                  AddressType 378-385
          Semicolon 386-387
        FunctionDefinition 481-556
          Identifier 490-499
          ParametersDeclaration 499-501
            Parameters 500-500
          FunctionAttributes 501-510
            InternalKeyword 502-510
          Block 511-556
            Statements 513-551
              ExpressionStatement 521-550
                FunctionCallExpression 521-549
                  Identifier 521-530
                  PositionalArgumentsDeclaration 530-549
                    PositionalArguments 531-548
                      FunctionCallExpression 531-548
                        Identifier 531-546
                        PositionalArgumentsDeclaration 546-548
                          PositionalArguments 547-547
        FunctionDefinition 743-1627
          Identifier 752-761
          ParametersDeclaration 761-785
            Parameters 762-784
              Parameter 762-784
                AddressType 762-769
                Identifier 770-784
          FunctionAttributes 785-794
            InternalKeyword 786-794
          Block 795-1627
            Statements 797-1622
              AssemblyStatement 870-1621
                YulBlock 879-1621
                  YulStatements 881-1612
                    YulFunctionCallExpression 881-1151
                      YulPath 881-1131
                        YulIdentifier 1119-1131
                      YulArguments 1132-1150
                        YulDecimalLiteral 1132-1133
                        YulDecimalLiteral 1135-1136
                        YulPath 1137-1150
                          YulIdentifier 1138-1150
                    YulVariableDeclarationStatement 1278-1348
                      YulVariableNames 1281-1288
                        YulIdentifier 1282-1288
                      YulVariableDeclarationValue 1289-1348
                        ColonEqual 1289-1291
                        YulFunctionCallExpression 1291-1348
                          YulPath 1291-1304
                            YulIdentifier 1292-1304
                          YulArguments 1305-1347
                            YulPath 1305-1308
                              YulIdentifier 1305-1308
                            YulPath 1309-1324
                              YulIdentifier 1310-1324
                            YulDecimalLiteral 1326-1327
                            YulPath 1328-1341
                              YulIdentifier 1329-1341
                            YulDecimalLiteral 1343-1344
                            YulDecimalLiteral 1346-1347
                    YulFunctionCallExpression 1349-1437
                      YulPath 1349-1415
                        YulIdentifier 1401-1415
                      YulArguments 1416-1436
                        YulDecimalLiteral 1416-1417
                        YulDecimalLiteral 1419-1420
                        YulPath 1421-1436
                          YulIdentifier 1422-1436
                    YulSwitchStatement 1451-1612
                      YulPath 1457-1465
                        YulIdentifier 1458-1464
                      YulSwitchCases 1465-1612
                        YulValueCase 1525-1561
                          YulDecimalLiteral 1530-1531
                          YulBlock 1532-1561
                            YulStatements 1533-1559
                              YulFunctionCallExpression 1533-1559
                                YulPath 1533-1540
                                  YulIdentifier 1534-1540
                                YulArguments 1541-1558
                                  YulDecimalLiteral 1541-1542
                                  YulPath 1543-1558
                                    YulIdentifier 1544-1558
                        YulDefaultCase 1574-1611
                          YulBlock 1582-1611
                            YulStatements 1583-1609
                              YulFunctionCallExpression 1583-1609
                                YulPath 1583-1590
                                  YulIdentifier 1584-1590
                                YulArguments 1591-1608
                                  YulDecimalLiteral 1591-1592
                                  YulPath 1593-1608
                                    YulIdentifier 1594-1608
        UnnamedFunctionDefinition 1633-1688
          ParametersDeclaration 1642-1644
            Parameters 1643-1643
          UnnamedFunctionAttributes 1644-1659
            PublicKeyword 1645-1651
            PayableKeyword 1652-1659
          Block 1660-1688
            Statements 1662-1683
              ExpressionStatement 1670-1682
                FunctionCallExpression 1670-1681
                  Identifier 1670-1679
                  PositionalArgumentsDeclaration 1679-1681
                    PositionalArguments 1680-1680
`;
