// Jest Snapshot v1, https://goo.gl/fbAQLP

exports[`AddressPayable.sol 1`] = `
pragma solidity ^0.5.2;

contract AddressPayable {
  function sendSomeEth(address payable to) public payable {
    address payable target = to;
    target.transfer(msg.value);
  }
}
~~~~~~~~~~~~~~~~~~~~~~~~~~~~~~~~~~~~~~~~~~~~~~~~~~~~~~~~~~~~~~~~~~~~~~~~~~~~~~~~
pragma solidity ^0.5.2;

contract AddressPayable {
  function sendSomeEth(address payable to) public payable {
    address payable target = to;
    target.transfer(msg.value);
  }
}

`;
