// Jest Snapshot v1, https://jestjs.io/docs/snapshot-testing

exports[`Assembly.sol format 1`] = `
====================================options=====================================
parsers: ["slang"]
                                                      printWidth: 80 (default) |
=====================================input======================================
pragma solidity ^0.4.26;

contract Assembly {
  function assemblyLabels() {
  assembly {
    let n := calldataload(4)
    let a := 1
    let b := a
loop:
    jumpi(loopend, eq(n, 0))
    a add swap1
    n := sub(n, 1)
    jump(loop)

loopend:
    mstore(0, a)
    return(0, 0x20)
}

assembly{
    let x := 8
    jump(two)
    one:
        // Here the stack height is 2 (because we pushed x and 7),
        // but the assembler thinks it is 1 because it reads
        // from top to bottom.
        // Accessing the stack variable x here will lead to errors.
        x := 9
        jump(three)
    two:
        7 // push something onto the stack
        jump(one)
    three:
}
}
}

contract MultipleAssemblyAssignment {
    function foo() public pure {
        assembly {
            function bar() -> a, b {
                b :  = 2
                a := 1
                b := 2
            }

            let i, j := bar()
        }
    }
}

contract AssemblyStackAssignment {
  function f() public {
    assembly {
      4 =: y
      4 =  : y
    }
  }
}

=====================================output=====================================
pragma solidity ^0.4.26;

contract Assembly {
    function assemblyLabels() {
        assembly {
            let n := calldataload(4)
            let a := 1
            let b := a
        loop:
            jumpi(loopend, eq(n, 0))
            a
            add
            swap1
            n := sub(n, 1)
            jump(loop)

        loopend:
            mstore(0, a)
            return(0, 0x20)
        }

        assembly {
            let x := 8
            jump(two)
        one:
            // Here the stack height is 2 (because we pushed x and 7),
            // but the assembler thinks it is 1 because it reads
            // from top to bottom.
            // Accessing the stack variable x here will lead to errors.
            x := 9
            jump(three)
        two:
            7 // push something onto the stack
            jump(one)
        three:
        }
    }
}

contract MultipleAssemblyAssignment {
    function foo() public pure {
        assembly {
            function bar() -> a, b {
                b := 2
                a := 1
                b := 2
            }

            let i, j := bar()
        }
    }
}

contract AssemblyStackAssignment {
    function f() public {
        assembly {
            4
            =: y
            4
            =: y
        }
    }
}

================================================================================
`;

exports[`Assembly.sol locations 1`] = `
SourceUnit 0-1057
  SourceUnitMembers 0-1057
    PragmaDirective 0-24
      VersionPragma 7-23
        VersionExpressionSets 15-23
          VersionExpressionSet 15-23
            VersionTerm 16-23
              VersionOperator 16-17
              SimpleVersionLiteral 17-23
    ContractDefinition 26-679
      Identifier 35-43
      ContractSpecifiers 43-43
      ContractMembers 46-678
        FunctionDefinition 48-677
          Identifier 57-71
          ParametersDeclaration 71-73
            Parameters 72-72
          FunctionAttributes 73-73
          Block 74-677
            Statements 76-676
              AssemblyStatement 78-281
                YulBlock 87-281
                  YulStatements 89-280
                    YulVariableDeclarationStatement 93-117
                      YulVariableNames 96-98
                        YulIdentifier 97-98
                      YulVariableDeclarationValue 99-117
                        ColonEqual 99-101
                        YulFunctionCallExpression 101-117
                          YulPath 101-114
                            YulIdentifier 102-114
                          YulArguments 115-116
                            YulDecimalLiteral 115-116
                    YulVariableDeclarationStatement 122-132
                      YulVariableNames 125-127
                        YulIdentifier 126-127
                      YulVariableDeclarationValue 128-132
                        ColonEqual 128-130
                        YulDecimalLiteral 131-132
                    YulVariableDeclarationStatement 137-148
                      YulVariableNames 140-142
                        YulIdentifier 141-142
                      YulVariableDeclarationValue 143-148
                        ColonEqual 143-145
                        YulPath 145-148
                          YulIdentifier 146-147
                    YulLabel 148-153
                      YulIdentifier 148-152
                    YulFunctionCallExpression 154-182
                      YulPath 154-163
                        YulIdentifier 158-163
                      YulArguments 164-181
                        YulPath 164-171
                          YulIdentifier 164-171
                        YulFunctionCallExpression 172-181
                          YulPath 172-175
                            YulIdentifier 173-175
                          YulArguments 176-180
                            YulPath 176-177
                              YulIdentifier 176-177
                            YulDecimalLiteral 179-180
                    YulPath 183-188
                      YulIdentifier 187-188
                    YulPath 188-192
                      YulIdentifier 189-192
                    YulPath 192-199
                      YulIdentifier 193-198
                    YulVariableAssignmentStatement 199-217
                      YulPaths 199-204
                        YulPath 199-204
                          YulIdentifier 203-204
                      ColonEqual 205-207
                      YulFunctionCallExpression 207-217
                        YulPath 207-211
                          YulIdentifier 208-211
                        YulArguments 212-216
                          YulPath 212-213
                            YulIdentifier 212-213
                          YulDecimalLiteral 215-216
                    YulFunctionCallExpression 218-232
                      YulPath 218-226
                        YulIdentifier 222-226
                      YulArguments 227-231
                        YulPath 227-231
                          YulIdentifier 227-231
                    YulLabel 234-242
                      YulIdentifier 234-241
                    YulFunctionCallExpression 243-259
                      YulPath 243-253
                        YulIdentifier 247-253
                      YulArguments 254-258
                        YulDecimalLiteral 254-255
                        YulPath 256-258
                          YulIdentifier 257-258
                    YulFunctionCallExpression 260-279
                      YulPath 260-270
                        YulIdentifier 264-270
                      YulArguments 271-278
                        YulDecimalLiteral 271-272
                        YulHexLiteral 274-278
              AssemblyStatement 283-675
                YulBlock 291-675
                  YulStatements 293-674
                    YulVariableDeclarationStatement 297-307
                      YulVariableNames 300-302
                        YulIdentifier 301-302
                      YulVariableDeclarationValue 303-307
                        ColonEqual 303-305
                        YulDecimalLiteral 306-307
                    YulFunctionCallExpression 308-321
                      YulPath 308-316
                        YulIdentifier 312-316
                      YulArguments 317-320
                        YulPath 317-320
                          YulIdentifier 317-320
                    YulLabel 326-330
                      YulIdentifier 326-329
                    YulVariableAssignmentStatement 331-572
                      YulPaths 331-567
                        YulPath 331-567
                          YulIdentifier 566-567
                      ColonEqual 568-570
                      YulDecimalLiteral 571-572
                    YulFunctionCallExpression 573-592
                      YulPath 573-585
                        YulIdentifier 581-585
                      YulArguments 586-591
                        YulPath 586-591
                          YulIdentifier 586-591
                    YulLabel 597-601
                      YulIdentifier 597-600
                    YulDecimalLiteral 610-611
                    YulFunctionCallExpression 645-662
                      YulPath 645-657
                        YulIdentifier 653-657
                      YulArguments 658-661
                        YulPath 658-661
                          YulIdentifier 658-661
                    YulLabel 667-673
                      YulIdentifier 667-672
    ContractDefinition 681-941
      Identifier 690-716
      ContractSpecifiers 716-716
      ContractMembers 719-940
        FunctionDefinition 723-939
          Identifier 732-735
          ParametersDeclaration 735-737
            Parameters 736-736
          FunctionAttributes 737-749
            PublicKeyword 738-744
            PureKeyword 745-749
          Block 750-939
            Statements 752-934
              AssemblyStatement 760-933
                YulBlock 769-933
                  YulStatements 771-924
                    YulFunctionDefinition 783-892
                      YulIdentifier 792-795
                      YulParametersDeclaration 795-797
                        YulParameters 796-796
                      YulReturnsDeclaration 798-805
                        YulVariableNames 800-805
                          YulIdentifier 801-802
                          YulIdentifier 804-805
                      YulBlock 806-892
                        YulStatements 808-879
                          YulVariableAssignmentStatement 808-832
                            YulPaths 808-825
                              YulPath 808-825
                                YulIdentifier 824-825
                            YulColonAndEqual 826-830
                            YulDecimalLiteral 831-832
                          YulVariableAssignmentStatement 833-855
                            YulPaths 833-850
                              YulPath 833-850
                                YulIdentifier 849-850
                            ColonEqual 851-853
                            YulDecimalLiteral 854-855
                          YulVariableAssignmentStatement 856-878
                            YulPaths 856-873
                              YulPath 856-873
                                YulIdentifier 872-873
                            ColonEqual 874-876
                            YulDecimalLiteral 877-878
                    YulVariableDeclarationStatement 906-923
                      YulVariableNames 909-914
                        YulIdentifier 910-911
                        YulIdentifier 913-914
                      YulVariableDeclarationValue 915-923
                        ColonEqual 915-917
                        YulFunctionCallExpression 917-923
                          YulPath 917-921
                            YulIdentifier 918-921
                          YulArguments 922-922
    ContractDefinition 943-1056
      Identifier 952-975
      ContractSpecifiers 975-975
      ContractMembers 978-1055
        FunctionDefinition 980-1054
          Identifier 989-990
          ParametersDeclaration 990-992
            Parameters 991-991
          FunctionAttributes 992-999
            PublicKeyword 993-999
          Block 1000-1054
            Statements 1002-1051
              AssemblyStatement 1006-1050
                YulBlock 1015-1050
                  YulStatements 1017-1045
                    YulDecimalLiteral 1023-1024
                    YulStackAssignmentStatement 1025-1029
                      EqualColon 1025-1027
                      YulIdentifier 1028-1029
                    YulDecimalLiteral 1036-1037
                    YulStackAssignmentStatement 1038-1044
                      YulEqualAndColon 1038-1042
                      YulIdentifier 1043-1044
`;
