// Jest Snapshot v1, https://jestjs.io/docs/snapshot-testing

exports[`MultipartStrings.sol format 1`] = `
====================================options=====================================
parsers: ["slang"]
                                                      printWidth: 80 (default) |
=====================================input======================================
contract MultipartStrings {
  bytes h1 = hex'beef';
  bytes h2 = hex"beef";
  bytes h3 = hex"beef" hex"c0ffee";
  bytes h4 = hex"beeeeeeeeeeeeeeeeeeeeeef" hex"c0000000000ffeeeeeeeeeeeeeeeeeee";

  string s1 = "foo";
  string s2 = "foo" "bar";
  string s3 = "foofoofoofooofoofoofofoooofofoo" "barbarbrabrbarbarbabrabrbabr";

  string u1 = unicode'hello 🦄';
  string u2 = unicode'hello 🦄' unicode' world 🦄';
  string u3 = unicode'hellohellohellohellohellohello 🦄' unicode' worldworldworldworldworldworld 🦄';

  function multilineString() public pure {
    bytes hex1 = hex'DeadBeef00' hex'DeadBeef01' hex'DeadBeef02' hex'DeadBeef03' hex'DeadBeef04' hex'DeadBeef05';
    hex1 = hex'DeadBeef0a' hex'DeadBeef0b' hex'DeadBeef0c' hex'DeadBeef0d' hex'DeadBeef0e' hex'DeadBeef0f';

    string str = 'DeadBeef00' 'DeadBeef01' 'DeadBeef02' 'DeadBeef03' 'DeadBeef04' 'DeadBeef05';
    str = 'DeadBeef0a' 'DeadBeef0b' 'DeadBeef0c' 'DeadBeef0d' 'DeadBeef0e' 'DeadBeef0f';

    string uni = unicode'DeadBeef00🦄' unicode'DeadBeef01🦄' unicode'DeadBeef02🦄' unicode'DeadBeef03🦄' unicode'DeadBeef04🦄' unicode'DeadBeef05🦄';
    uni = unicode'DeadBeef0a🦄' unicode'DeadBeef0b🦄' unicode'DeadBeef0c🦄' unicode'DeadBeef0d🦄' unicode'DeadBeef0e🦄' unicode'DeadBeef0f🦄';
  }
}

=====================================output=====================================
contract MultipartStrings {
    bytes h1 = hex"beef";
    bytes h2 = hex"beef";
    bytes h3 =
        hex"beef"
        hex"c0ffee";
    bytes h4 =
        hex"beeeeeeeeeeeeeeeeeeeeeef"
        hex"c0000000000ffeeeeeeeeeeeeeeeeeee";

    string s1 = "foo";
    string s2 =
        "foo"
        "bar";
    string s3 =
        "foofoofoofooofoofoofofoooofofoo"
        "barbarbrabrbarbarbabrabrbabr";

    string u1 = unicode"hello 🦄";
    string u2 =
        unicode"hello 🦄"
        unicode" world 🦄";
    string u3 =
        unicode"hellohellohellohellohellohello 🦄"
        unicode" worldworldworldworldworldworld 🦄";

    function multilineString() public pure {
        bytes hex1 =
            hex"DeadBeef00"
            hex"DeadBeef01"
            hex"DeadBeef02"
            hex"DeadBeef03"
            hex"DeadBeef04"
            hex"DeadBeef05";
        hex1 =
            hex"DeadBeef0a"
            hex"DeadBeef0b"
            hex"DeadBeef0c"
            hex"DeadBeef0d"
            hex"DeadBeef0e"
            hex"DeadBeef0f";

        string str =
            "DeadBeef00"
            "DeadBeef01"
            "DeadBeef02"
            "DeadBeef03"
            "DeadBeef04"
            "DeadBeef05";
        str =
            "DeadBeef0a"
            "DeadBeef0b"
            "DeadBeef0c"
            "DeadBeef0d"
            "DeadBeef0e"
            "DeadBeef0f";

        string uni =
            unicode"DeadBeef00🦄"
            unicode"DeadBeef01🦄"
            unicode"DeadBeef02🦄"
            unicode"DeadBeef03🦄"
            unicode"DeadBeef04🦄"
            unicode"DeadBeef05🦄";
        uni =
            unicode"DeadBeef0a🦄"
            unicode"DeadBeef0b🦄"
            unicode"DeadBeef0c🦄"
            unicode"DeadBeef0d🦄"
            unicode"DeadBeef0e🦄"
            unicode"DeadBeef0f🦄";
    }
}

================================================================================
`;

exports[`MultipartStrings.sol locations 1`] = `
SourceUnit 0-1263
  SourceUnitMembers 0-1263
    ContractDefinition 0-1262
      Identifier 9-25
      ContractSpecifiers 25-25
      ContractMembers 28-1261
        StateVariableDefinition 30-51
          BytesKeyword 30-35
          StateVariableAttributes 35-35
          Identifier 36-38
          StateVariableDefinitionValue 39-50
            HexStringLiterals 40-50
              HexStringLiteral 41-50
        StateVariableDefinition 54-75
          BytesKeyword 54-59
          StateVariableAttributes 59-59
          Identifier 60-62
          StateVariableDefinitionValue 63-74
            HexStringLiterals 64-74
              HexStringLiteral 65-74
        StateVariableDefinition 78-111
          BytesKeyword 78-83
          StateVariableAttributes 83-83
          Identifier 84-86
          StateVariableDefinitionValue 87-110
            HexStringLiterals 88-110
              HexStringLiteral 89-98
              HexStringLiteral 99-110
        StateVariableDefinition 114-193
          BytesKeyword 114-119
          StateVariableAttributes 119-119
          Identifier 120-122
          StateVariableDefinitionValue 123-192
            HexStringLiterals 124-192
              HexStringLiteral 125-154
              HexStringLiteral 155-192
        StateVariableDefinition 197-215
          StringKeyword 197-203
          StateVariableAttributes 203-203
          Identifier 204-206
          StateVariableDefinitionValue 207-214
            StringLiterals 208-214
              StringLiteral 209-214
        StateVariableDefinition 218-242
          StringKeyword 218-224
          StateVariableAttributes 224-224
          Identifier 225-227
          StateVariableDefinitionValue 228-241
            StringLiterals 229-241
              StringLiteral 230-235
              StringLiteral 236-241
        StateVariableDefinition 245-322
          StringKeyword 245-251
          StateVariableAttributes 251-251
          Identifier 252-254
          StateVariableDefinitionValue 255-321
            StringLiterals 256-321
              StringLiteral 257-290
              StringLiteral 291-321
        StateVariableDefinition 326-356
          StringKeyword 326-332
          StateVariableAttributes 332-332
          Identifier 333-335
          StateVariableDefinitionValue 336-355
            UnicodeStringLiterals 337-355
              UnicodeStringLiteral 338-355
        StateVariableDefinition 359-408
          StringKeyword 359-365
          StateVariableAttributes 365-365
          Identifier 366-368
          StateVariableDefinitionValue 369-407
            UnicodeStringLiterals 370-407
              UnicodeStringLiteral 371-388
              UnicodeStringLiteral 389-407
        StateVariableDefinition 411-510
          StringKeyword 411-417
          StateVariableAttributes 417-417
          Identifier 418-420
          StateVariableDefinitionValue 421-509
            UnicodeStringLiterals 422-509
              UnicodeStringLiteral 423-465
              UnicodeStringLiteral 466-509
        FunctionDefinition 514-1260
          Identifier 523-538
          ParametersDeclaration 538-540
            Parameters 539-539
          FunctionAttributes 540-552
            PublicKeyword 541-547
            PureKeyword 548-552
          Block 553-1260
            Statements 555-1257
              VariableDeclarationStatement 559-668
                BytesKeyword 559-564
                Identifier 565-569
                VariableDeclarationValue 570-667
                  HexStringLiterals 571-667
                    HexStringLiteral 572-587
                    HexStringLiteral 588-603
                    HexStringLiteral 604-619
                    HexStringLiteral 620-635
                    HexStringLiteral 636-651
                    HexStringLiteral 652-667
              ExpressionStatement 673-776
                AssignmentExpression 673-775
                  Identifier 673-677
                  HexStringLiterals 679-775
                    HexStringLiteral 680-695
                    HexStringLiteral 696-711
                    HexStringLiteral 712-727
                    HexStringLiteral 728-743
                    HexStringLiteral 744-759
                    HexStringLiteral 760-775
              VariableDeclarationStatement 782-873
                StringKeyword 782-788
                Identifier 789-792
                VariableDeclarationValue 793-872
                  StringLiterals 794-872
                    StringLiteral 795-807
                    StringLiteral 808-820
                    StringLiteral 821-833
                    StringLiteral 834-846
                    StringLiteral 847-859
                    StringLiteral 860-872
              ExpressionStatement 878-962
                AssignmentExpression 878-961
                  Identifier 878-881
                  StringLiterals 883-961
                    StringLiteral 884-896
                    StringLiteral 897-909
                    StringLiteral 910-922
                    StringLiteral 923-935
                    StringLiteral 936-948
                    StringLiteral 949-961
              VariableDeclarationStatement 968-1113
                StringKeyword 968-974
                Identifier 975-978
                VariableDeclarationValue 979-1112
                  UnicodeStringLiterals 980-1112
                    UnicodeStringLiteral 981-1002
                    UnicodeStringLiteral 1003-1024
                    UnicodeStringLiteral 1025-1046
                    UnicodeStringLiteral 1047-1068
                    UnicodeStringLiteral 1069-1090
                    UnicodeStringLiteral 1091-1112
              ExpressionStatement 1118-1256
                AssignmentExpression 1118-1255
                  Identifier 1118-1121
                  UnicodeStringLiterals 1123-1255
                    UnicodeStringLiteral 1124-1145
                    UnicodeStringLiteral 1146-1167
                    UnicodeStringLiteral 1168-1189
                    UnicodeStringLiteral 1190-1211
                    UnicodeStringLiteral 1212-1233
                    UnicodeStringLiteral 1234-1255
`;
