// Jest Snapshot v1, https://jestjs.io/docs/snapshot-testing

exports[`SplittableCommodity.sol format 1`] = `
====================================options=====================================
parsers: ["slang"]
                                                      printWidth: 80 (default) |
=====================================input======================================
pragma solidity ^0.4.24;

import "./MintableCommodity.sol";
import "../participant/ISupplier.sol";
import "../../node_modules/zeppelin-solidity/contracts//math/SafeMath.sol";

contract SplittableCommodity is MintableCommodity {
  using SafeMath for uint256;

  event Split(address indexed to, uint256 amount, uint64 parentId, address indexed operator, bytes operatorData);

  function split(uint _tokenId, address _to, uint256 _amount) public whenNotPaused {
    address supplierProxy = IContractRegistry(contractRegistry).getLatestProxyAddr("Supplier");
    require(
      msg.sender == IContractRegistry(contractRegistry).getLatestProxyAddr("FifoCrcMarket") ||
      ISupplier(supplierProxy).isAllowed(this, "IMintableCommodity"),
      "Splitting can only be done when both the ISplittableCommodity interface is enabled and is called by a supplier or the FifoCrcMarket is used."
    );

    commodities[_tokenId].value = commodities[_tokenId].value.sub(_amount);

    CommodityLib.Commodity memory _commodity = CommodityLib.Commodity({
        category: uint64(1),
        timeRegistered: uint64(now), // solium-disable-line
        parentId: _tokenId,
        value: _amount,
        locked: false,
        misc: commodities[_tokenId].misc
    });
    uint newCRCId = commodities.push(_commodity).sub(1);
    require(newCRCId <= 18446744073709551616, "You can only split a commodity if it is within a valid index range");

    if(msg.sender == IContractRegistry(contractRegistry).getLatestProxyAddr("FifoCrcMarket")) {
      _transfer(ownerOf(_tokenId), _to, newCRCId);
    } else {
      _transfer(msg.sender, _to, newCRCId);
    }

    callRecipient(
      msg.sender,
      0x0,
      _to,
      newCRCId,
      "",
      "",
      false
    );

    emit Split(
      _to,
      _amount,
      uint64(newCRCId),
      msg.sender,
      ""
    );
  }
}

=====================================output=====================================
pragma solidity ^0.4.24;

import "./MintableCommodity.sol";
import "../participant/ISupplier.sol";
import "../../node_modules/zeppelin-solidity/contracts//math/SafeMath.sol";

contract SplittableCommodity is MintableCommodity {
    using SafeMath for uint256;

    event Split(
        address indexed to,
        uint256 amount,
        uint64 parentId,
        address indexed operator,
        bytes operatorData
    );

    function split(
        uint _tokenId,
        address _to,
        uint256 _amount
    ) public whenNotPaused {
        address supplierProxy = IContractRegistry(contractRegistry)
            .getLatestProxyAddr("Supplier");
        require(
            msg.sender ==
                IContractRegistry(contractRegistry).getLatestProxyAddr(
                    "FifoCrcMarket"
                ) ||
                ISupplier(supplierProxy).isAllowed(this, "IMintableCommodity"),
            "Splitting can only be done when both the ISplittableCommodity interface is enabled and is called by a supplier or the FifoCrcMarket is used."
        );

        commodities[_tokenId].value = commodities[_tokenId].value.sub(_amount);

        CommodityLib.Commodity memory _commodity = CommodityLib.Commodity({
            category: uint64(1),
            timeRegistered: uint64(now), // solium-disable-line
            parentId: _tokenId,
            value: _amount,
            locked: false,
            misc: commodities[_tokenId].misc
        });
        uint newCRCId = commodities.push(_commodity).sub(1);
        require(
            newCRCId <= 18446744073709551616,
            "You can only split a commodity if it is within a valid index range"
        );

        if (
            msg.sender ==
            IContractRegistry(contractRegistry).getLatestProxyAddr(
                "FifoCrcMarket"
            )
        ) {
            _transfer(ownerOf(_tokenId), _to, newCRCId);
        } else {
            _transfer(msg.sender, _to, newCRCId);
        }

        callRecipient(msg.sender, 0x0, _to, newCRCId, "", "", false);

        emit Split(_to, _amount, uint64(newCRCId), msg.sender, "");
    }
}

================================================================================
`;

exports[`SplittableCommodity.sol locations 1`] = `
SourceUnit 0-1859
  SourceUnitMembers 0-1859
    PragmaDirective 0-24
      VersionPragma 7-23
        VersionExpressionSets 15-23
          VersionExpressionSet 15-23
            VersionTerm 16-23
              VersionOperator 16-17
              SimpleVersionLiteral 17-23
    ImportDirective 26-59
      PathImport 33-58
        StringLiteral 33-58
    ImportDirective 60-98
      PathImport 67-97
        StringLiteral 67-97
    ImportDirective 99-174
      PathImport 106-173
        StringLiteral 106-173
    ContractDefinition 176-1858
      Identifier 185-204
      ContractSpecifiers 204-225
        InheritanceSpecifier 205-225
          InheritanceTypes 207-225
            InheritanceType 208-225
              IdentifierPath 208-225
                Identifier 208-225
      ContractMembers 228-1857
        UsingDirective 230-257
          IdentifierPath 236-244
            Identifier 236-244
          UintKeyword 249-256
        EventDefinition 261-372
          Identifier 267-272
          EventParametersDeclaration 272-371
            EventParameters 273-370
              EventParameter 273-291
                AddressType 273-280
                Identifier 289-291
              EventParameter 293-307
                UintKeyword 293-300
                Identifier 301-307
              EventParameter 309-324
                UintKeyword 309-315
                Identifier 316-324
              EventParameter 326-350
                AddressType 326-333
                Identifier 342-350
              EventParameter 352-370
                BytesKeyword 352-357
                Identifier 358-370
        FunctionDefinition 376-1856
          Identifier 385-390
          ParametersDeclaration 390-435
            Parameters 391-434
              Parameter 391-404
                UintKeyword 391-395
                Identifier 396-404
              Parameter 406-417
                AddressType 406-413
                Identifier 414-417
              Parameter 419-434
                UintKeyword 419-426
                Identifier 427-434
          FunctionAttributes 435-456
            PublicKeyword 436-442
            ModifierInvocation 443-456
              IdentifierPath 443-456
                Identifier 443-456
          Block 457-1856
            Statements 459-1853
              VariableDeclarationStatement 463-554
                AddressType 463-470
                Identifier 471-484
                VariableDeclarationValue 485-553
                  FunctionCallExpression 487-553
                    MemberAccessExpression 487-541
                      FunctionCallExpression 487-522
                        Identifier 487-504
                        PositionalArgumentsDeclaration 504-522
                          PositionalArguments 505-521
                            Identifier 505-521
                      Identifier 523-541
                    PositionalArgumentsDeclaration 541-553
                      PositionalArguments 542-552
                        StringLiteral 542-552
              ExpressionStatement 559-888
                FunctionCallExpression 559-887
                  Identifier 559-566
                  PositionalArgumentsDeclaration 566-887
                    PositionalArguments 568-882
                      OrExpression 574-731
                        EqualityExpression 574-659
                          MemberAccessExpression 574-584
                            Identifier 574-577
                            Identifier 578-584
                          FunctionCallExpression 588-659
                            MemberAccessExpression 588-642
                              FunctionCallExpression 588-623
                                Identifier 588-605
                                PositionalArgumentsDeclaration 605-623
                                  PositionalArguments 606-622
                                    Identifier 606-622
                              Identifier 624-642
                            PositionalArgumentsDeclaration 642-659
                              PositionalArguments 643-658
                                StringLiteral 643-658
                        FunctionCallExpression 669-731
                          MemberAccessExpression 669-703
                            FunctionCallExpression 669-693
                              Identifier 669-678
                              PositionalArgumentsDeclaration 678-693
                                PositionalArguments 679-692
                                  Identifier 679-692
                            Identifier 694-703
                          PositionalArgumentsDeclaration 703-731
                            PositionalArguments 704-730
                              ThisKeyword 704-708
                              StringLiteral 710-730
                      StringLiteral 739-881
              ExpressionStatement 894-965
                AssignmentExpression 894-964
                  MemberAccessExpression 894-921
                    IndexAccessExpression 894-915
                      Identifier 894-905
                      Identifier 906-914
                    Identifier 916-921
                  FunctionCallExpression 924-964
                    MemberAccessExpression 924-955
                      MemberAccessExpression 924-951
                        IndexAccessExpression 924-945
                          Identifier 924-935
                          Identifier 936-944
                        Identifier 946-951
                      Identifier 952-955
                    PositionalArgumentsDeclaration 955-964
                      PositionalArguments 956-963
                        Identifier 956-963
              VariableDeclarationStatement 971-1251
                IdentifierPath 971-993
                  Identifier 971-983
                  Identifier 984-993
                StorageLocation 994-1000
                Identifier 1001-1011
                VariableDeclarationValue 1012-1250
                  FunctionCallExpression 1014-1250
                    MemberAccessExpression 1014-1036
                      Identifier 1014-1026
                      Identifier 1027-1036
                    NamedArgumentsDeclaration 1036-1250
                      NamedArgumentGroup 1037-1249
                        NamedArguments 1039-1244
                          NamedArgument 1047-1066
                            Identifier 1047-1055
                            FunctionCallExpression 1057-1066
                              UintKeyword 1057-1063
                              PositionalArgumentsDeclaration 1063-1066
                                PositionalArguments 1064-1065
                                  DecimalNumberExpression 1064-1065
                          NamedArgument 1076-1103
                            Identifier 1076-1090
                            FunctionCallExpression 1092-1103
                              UintKeyword 1092-1098
                              PositionalArgumentsDeclaration 1098-1103
                                PositionalArguments 1099-1102
                                  Identifier 1099-1102
                          NamedArgument 1136-1154
                            Identifier 1136-1144
                            Identifier 1146-1154
                          NamedArgument 1164-1178
                            Identifier 1164-1169
                            Identifier 1171-1178
                          NamedArgument 1188-1201
                            Identifier 1188-1194
                            FalseKeyword 1196-1201
                          NamedArgument 1211-1243
                            Identifier 1211-1215
                            MemberAccessExpression 1217-1243
                              IndexAccessExpression 1217-1238
                                Identifier 1217-1228
                                Identifier 1229-1237
                              Identifier 1239-1243
              VariableDeclarationStatement 1256-1308
                UintKeyword 1256-1260
                Identifier 1261-1269
                VariableDeclarationValue 1270-1307
                  FunctionCallExpression 1272-1307
                    MemberAccessExpression 1272-1304
                      FunctionCallExpression 1272-1300
                        MemberAccessExpression 1272-1288
                          Identifier 1272-1283
                          Identifier 1284-1288
                        PositionalArgumentsDeclaration 1288-1300
                          PositionalArguments 1289-1299
                            Identifier 1289-1299
                      Identifier 1301-1304
                    PositionalArgumentsDeclaration 1304-1307
                      PositionalArguments 1305-1306
                        DecimalNumberExpression 1305-1306
              ExpressionStatement 1313-1425
                FunctionCallExpression 1313-1424
                  Identifier 1313-1320
                  PositionalArgumentsDeclaration 1320-1424
                    PositionalArguments 1321-1423
                      InequalityExpression 1321-1353
                        Identifier 1321-1329
                        DecimalNumberExpression 1333-1353
                      StringLiteral 1355-1423
              IfStatement 1431-1636
                EqualityExpression 1434-1519
                  MemberAccessExpression 1434-1444
                    Identifier 1434-1437
                    Identifier 1438-1444
                  FunctionCallExpression 1448-1519
                    MemberAccessExpression 1448-1502
                      FunctionCallExpression 1448-1483
                        Identifier 1448-1465
                        PositionalArgumentsDeclaration 1465-1483
                          PositionalArguments 1466-1482
                            Identifier 1466-1482
                      Identifier 1484-1502
                    PositionalArgumentsDeclaration 1502-1519
                      PositionalArguments 1503-1518
                        StringLiteral 1503-1518
                Block 1521-1579
                  Statements 1523-1574
                    ExpressionStatement 1529-1573
                      FunctionCallExpression 1529-1572
                        Identifier 1529-1538
                        PositionalArgumentsDeclaration 1538-1572
                          PositionalArguments 1539-1571
                            FunctionCallExpression 1539-1556
                              Identifier 1539-1546
                              PositionalArgumentsDeclaration 1546-1556
                                PositionalArguments 1547-1555
                                  Identifier 1547-1555
                            Identifier 1558-1561
                            Identifier 1563-1571
                ElseBranch 1580-1636
                  Block 1585-1636
                    Statements 1587-1631
                      ExpressionStatement 1593-1630
                        FunctionCallExpression 1593-1629
                          Identifier 1593-1602
                          PositionalArgumentsDeclaration 1602-1629
                            PositionalArguments 1603-1628
                              MemberAccessExpression 1603-1613
                                Identifier 1603-1606
                                Identifier 1607-1613
                              Identifier 1615-1618
                              Identifier 1620-1628
              ExpressionStatement 1642-1751
                FunctionCallExpression 1642-1750
                  Identifier 1642-1655
                  PositionalArgumentsDeclaration 1655-1750
                    PositionalArguments 1657-1745
                      MemberAccessExpression 1663-1673
                        Identifier 1663-1666
                        Identifier 1667-1673
                      HexNumberExpression 1681-1684
                      Identifier 1692-1695
                      Identifier 1703-1711
                      StringLiteral 1719-1721
                      StringLiteral 1729-1731
                      FalseKeyword 1739-1744
              EmitStatement 1757-1852
                IdentifierPath 1762-1767
                  Identifier 1762-1767
                PositionalArgumentsDeclaration 1767-1851
                  PositionalArguments 1769-1846
                    Identifier 1775-1778
                    Identifier 1786-1793
                    FunctionCallExpression 1801-1817
                      UintKeyword 1801-1807
                      PositionalArgumentsDeclaration 1807-1817
                        PositionalArguments 1808-1816
                          Identifier 1808-1816
                    MemberAccessExpression 1825-1835
                      Identifier 1825-1828
                      Identifier 1829-1835
                    StringLiteral 1843-1845
`;
