// Jest Snapshot v1, https://jestjs.io/docs/snapshot-testing

exports[`Arrays.sol format 1`] = `
====================================options=====================================
parsers: ["slang"]
                                                      printWidth: 80 (default) |
=====================================input======================================
pragma solidity ^0.5.2;

contract Arrays {
    bytes32[] public permissions = [bytes32("addPartner"), bytes32("removePartner"), bytes32("addGroup"), bytes32("removeGroup"), bytes32("addUserToGroup"), bytes32("removeUserFromGroup"), bytes32("addSolution"), bytes32("removeSolution"), bytes32("addLibrary"), bytes32("removeLibrary"), bytes32("addPermissionToGroup"), bytes32("removePermissionFromGroup")];

    function a() {
    Outcome.OutcomeItem[] memory outcomeFrom = abi.decode(fromPart.outcome, (Outcome.OutcomeItem[]));
}
}

contract ArraySlices {
    function f(bytes calldata x) public {
        bytes memory a1 = abi.decode(x[:], (bytes));
        bytes4 a2 = abi.decode(x[:4], (bytes4));
        address a3 = abi.decode(x[4:], (address));
    }
}

=====================================output=====================================
pragma solidity ^0.5.2;

contract Arrays {
    bytes32[] public permissions = [
        bytes32("addPartner"),
        bytes32("removePartner"),
        bytes32("addGroup"),
        bytes32("removeGroup"),
        bytes32("addUserToGroup"),
        bytes32("removeUserFromGroup"),
        bytes32("addSolution"),
        bytes32("removeSolution"),
        bytes32("addLibrary"),
        bytes32("removeLibrary"),
        bytes32("addPermissionToGroup"),
        bytes32("removePermissionFromGroup")
    ];

    function a() {
        Outcome.OutcomeItem[] memory outcomeFrom = abi.decode(
            fromPart.outcome,
            (Outcome.OutcomeItem[])
        );
    }
}

contract ArraySlices {
    function f(bytes calldata x) public {
        bytes memory a1 = abi.decode(x[:], (bytes));
        bytes4 a2 = abi.decode(x[:4], (bytes4));
        address a3 = abi.decode(x[4:], (address));
    }
}

================================================================================
`;

exports[`Arrays.sol locations 1`] = `
SourceUnit 0-757
  SourceUnitMembers 0-757
    PragmaDirective 0-23
      VersionPragma 7-22
        VersionExpressionSets 15-22
          VersionExpressionSet 15-22
            VersionTerm 16-22
              VersionOperator 16-17
              SimpleVersionLiteral 17-22
    ContractDefinition 25-529
      Identifier 34-40
      ContractSpecifiers 40-40
      ContractMembers 43-528
        StateVariableDefinition 47-403
          ArrayTypeName 47-56
            BytesKeyword 47-54
          StateVariableAttributes 56-63
            PublicKeyword 57-63
          Identifier 64-75
          StateVariableDefinitionValue 76-402
            ArrayExpression 78-402
              ArrayValues 79-401
                FunctionCallExpression 79-100
                  BytesKeyword 79-86
                  PositionalArgumentsDeclaration 86-100
                    PositionalArguments 87-99
                      StringLiterals 87-99
                        StringLiteral 87-99
                FunctionCallExpression 102-126
                  BytesKeyword 102-109
                  PositionalArgumentsDeclaration 109-126
                    PositionalArguments 110-125
                      StringLiterals 110-125
                        StringLiteral 110-125
                FunctionCallExpression 128-147
                  BytesKeyword 128-135
                  PositionalArgumentsDeclaration 135-147
                    PositionalArguments 136-146
                      StringLiterals 136-146
                        StringLiteral 136-146
                FunctionCallExpression 149-171
                  BytesKeyword 149-156
                  PositionalArgumentsDeclaration 156-171
                    PositionalArguments 157-170
                      StringLiterals 157-170
                        StringLiteral 157-170
                FunctionCallExpression 173-198
                  BytesKeyword 173-180
                  PositionalArgumentsDeclaration 180-198
                    PositionalArguments 181-197
                      StringLiterals 181-197
                        StringLiteral 181-197
                FunctionCallExpression 200-230
                  BytesKeyword 200-207
                  PositionalArgumentsDeclaration 207-230
                    PositionalArguments 208-229
                      StringLiterals 208-229
                        StringLiteral 208-229
                FunctionCallExpression 232-254
                  BytesKeyword 232-239
                  PositionalArgumentsDeclaration 239-254
                    PositionalArguments 240-253
                      StringLiterals 240-253
                        StringLiteral 240-253
                FunctionCallExpression 256-281
                  BytesKeyword 256-263
                  PositionalArgumentsDeclaration 263-281
                    PositionalArguments 264-280
                      StringLiterals 264-280
                        StringLiteral 264-280
                FunctionCallExpression 283-304
                  BytesKeyword 283-290
                  PositionalArgumentsDeclaration 290-304
                    PositionalArguments 291-303
                      StringLiterals 291-303
                        StringLiteral 291-303
                FunctionCallExpression 306-330
                  BytesKeyword 306-313
                  PositionalArgumentsDeclaration 313-330
                    PositionalArguments 314-329
                      StringLiterals 314-329
                        StringLiteral 314-329
                FunctionCallExpression 332-363
                  BytesKeyword 332-339
                  PositionalArgumentsDeclaration 339-363
                    PositionalArguments 340-362
                      StringLiterals 340-362
                        StringLiteral 340-362
                FunctionCallExpression 365-401
                  BytesKeyword 365-372
                  PositionalArgumentsDeclaration 372-401
                    PositionalArguments 373-400
                      StringLiterals 373-400
                        StringLiteral 373-400
        FunctionDefinition 409-527
          Identifier 418-419
          ParametersDeclaration 419-421
            Parameters 420-420
          FunctionAttributes 421-421
          Block 422-527
            Statements 424-526
              VariableDeclarationStatement 428-525
                ArrayTypeName 428-449
                  IdentifierPath 428-447
                    Identifier 428-435
                    Identifier 436-447
                StorageLocation 450-456
                Identifier 457-468
                VariableDeclarationValue 469-524
                  FunctionCallExpression 471-524
                    MemberAccessExpression 471-481
                      Identifier 471-474
                      Identifier 475-481
                    PositionalArgumentsDeclaration 481-524
                      PositionalArguments 482-523
                        MemberAccessExpression 482-498
                          Identifier 482-490
                          Identifier 491-498
                        TupleExpression 500-523
                          TupleValues 501-522
                            TupleValue 501-522
                              IndexAccessExpression 501-522
                                MemberAccessExpression 501-520
                                  Identifier 501-508
                                  Identifier 509-520
    ContractDefinition 531-756
      Identifier 540-551
      ContractSpecifiers 551-551
      ContractMembers 554-755
        FunctionDefinition 558-754
          Identifier 567-568
          ParametersDeclaration 568-586
            Parameters 569-585
              Parameter 569-585
                BytesKeyword 569-574
                StorageLocation 575-583
                Identifier 584-585
          FunctionAttributes 586-593
            PublicKeyword 587-593
          Block 594-754
            Statements 596-749
              VariableDeclarationStatement 604-648
                BytesKeyword 604-609
                StorageLocation 610-616
                Identifier 617-619
                VariableDeclarationValue 620-647
                  FunctionCallExpression 622-647
                    MemberAccessExpression 622-632
                      Identifier 622-625
                      Identifier 626-632
                    PositionalArgumentsDeclaration 632-647
                      PositionalArguments 633-646
                        IndexAccessExpression 633-637
                          Identifier 633-634
                          IndexAccessEnd 635-636
                        TupleExpression 639-646
                          TupleValues 640-645
                            TupleValue 640-645
                              BytesKeyword 640-645
              VariableDeclarationStatement 657-697
                BytesKeyword 657-663
                Identifier 664-666
                VariableDeclarationValue 667-696
                  FunctionCallExpression 669-696
                    MemberAccessExpression 669-679
                      Identifier 669-672
                      Identifier 673-679
                    PositionalArgumentsDeclaration 679-696
                      PositionalArguments 680-695
                        IndexAccessExpression 680-685
                          Identifier 680-681
                          IndexAccessEnd 682-684
                            DecimalNumberExpression 683-684
                        TupleExpression 687-695
                          TupleValues 688-694
                            TupleValue 688-694
                              BytesKeyword 688-694
              VariableDeclarationStatement 706-748
                AddressType 706-713
                Identifier 714-716
                VariableDeclarationValue 717-747
                  FunctionCallExpression 719-747
                    MemberAccessExpression 719-729
                      Identifier 719-722
                      Identifier 723-729
                    PositionalArgumentsDeclaration 729-747
                      PositionalArguments 730-746
                        IndexAccessExpression 730-735
                          Identifier 730-731
                          DecimalNumberExpression 732-733
                          IndexAccessEnd 733-734
                        TupleExpression 737-746
                          TupleValues 738-745
                            TupleValue 738-745
                              AddressType 738-745
`;
