// Jest Snapshot v1, https://goo.gl/fbAQLP

exports[`Inbox.sol 1`] = `
// This comment spans one line

/*
This
comment
spans
multiple
lines.
*/

pragma   solidity   ^0.4.23;
contract Inbox {
  string public message;

  constructor(string initialMessage) public {
    message = initialMessage;
  }

  function setMessage(string newMessage) public {
    message = newMessage;
  }
}

~~~~~~~~~~~~~~~~~~~~~~~~~~~~~~~~~~~~~~~~~~~~~~~~~~~~~~~~~~~~~~~~~~~~~~~~~~~~~~~~
pragma solidity ^0.4.23;
contract Inbox {
  string public message;

   constructor(string initialMessage) public {
    message = initialMessage;
  }

   function setMessage(string newMessage) public {
    message = newMessage;
  }
}

`;

exports[`SimpleStorage.sol 1`] = `
pragma solidity ^0.4.0;

contract SimpleStorage {
  string public name = "SimpleStorage";
  uint storedData;

  function set(uint x) public {
    storedData = x;
  }

  function get() public view returns (uint) {
    return storedData;
  }
}
~~~~~~~~~~~~~~~~~~~~~~~~~~~~~~~~~~~~~~~~~~~~~~~~~~~~~~~~~~~~~~~~~~~~~~~~~~~~~~~~
pragma solidity ^0.4.0;
contract SimpleStorage {
  string public name = "SimpleStorage";
  uint storedData;

   function set(uint x) public {
    storedData = x;
  }

   function get() public view returns(uint) {
    return storedData;
  }
}

`;
