// Jest Snapshot v1, https://goo.gl/fbAQLP

exports[`Markdown.md format 1`] = `
====================================options=====================================
parsers: ["markdown"]
printWidth: 80
                                                                                | printWidth
=====================================input======================================
# Embedded Solidity Code

## Original

<!-- prettier-ignore -->
\`\`\`solidity
import    "./Foo.sol";
\`\`\`

## Formatted
\`\`\`solidity
import    "./Foo.sol";
\`\`\`

## Only Comments
\`\`\`solidity
// Comment 1

/* Comment 2 */
/* Comment 2.1 *//* Comment 2.2 */// Comment 2.3

/* 
* Comment 3
*/

/* 
* Comment 3.1
*//* 
* Comment 3.2
*//* 
* Comment 3.3
*/

// Comment 4
\`\`\`
=====================================output=====================================
# Embedded Solidity Code

## Original

<!-- prettier-ignore -->
\`\`\`solidity
import    "./Foo.sol";
\`\`\`

## Formatted

\`\`\`solidity
import "./Foo.sol";
\`\`\`

## Only Comments

\`\`\`solidity
// Comment 1

/* Comment 2 */
/* Comment 2.1 */ /* Comment 2.2 */ // Comment 2.3

/*
 * Comment 3
 */

/*
 * Comment 3.1
 */ /*
 * Comment 3.2
 */ /*
 * Comment 3.3
 */

// Comment 4
\`\`\`

================================================================================
`;
