// Jest Snapshot v1, https://jestjs.io/docs/snapshot-testing

exports[`ContractDefinitions.sol format 1`] = `
====================================options=====================================
parsers: ["slang"]
                                                      printWidth: 80 (default) |
=====================================input======================================
contract ContractDefinition is Contract1, Contract2, Contract3, Contract4, Contract5 {
}

contract StorageLayoutSpecifier layout   at 123 {
}

contract StorageLayoutSpecifier1 layout   at 1234567890 * 1234567890 - 1234567890 / 1234567890 {
}

contract StorageLayoutSpecifier2 layout  at veryVeryLongFunction(12345678901234567890 * 12345678901234567890 - 12345678901234567890 / 12345678901234567890 + 12345678901234567890 - 12345678901234567890) {
}

contract StorageLayoutSpecifier3 is Contract1   layout   at 123 {
}

contract StorageLayoutSpecifier4 is Contract1, Contract2, Contract3, Contract4, Contract5 layout   at 123{
}

contract StorageLayoutSpecifier5 is Contract1, Contract2, Contract3, Contract4, Contract5 layout   at 1234567890 * 1234567890 - 1234567890 / 1234567890{
}

contract StorageLayoutSpecifier6 is Contract1, Contract2, Contract3, Contract4, Contract5 layout   at veryVeryLongFunction(12345678901234567890 * 12345678901234567890 - 12345678901234567890 / 12345678901234567890 + 12345678901234567890 - 12345678901234567890){
}

contract StorageLayoutSpecifier7 is Contract1, Contract2, Contract3, Contract4, Contract5, Contract6, Contract7 layout   at 123{
}

contract StorageLayoutSpecifier8 is Contract1, Contract2, Contract3, Contract4, Contract5, Contract6, Contract7 layout   at 1234567890 * 1234567890 - 1234567890 / 1234567890{
}

contract StorageLayoutSpecifier9 is Contract1, Contract2, Contract3, Contract4, Contract5, Contract6, Contract7 layout   at veryVeryLongFunction(12345678901234567890 * 12345678901234567890 - 12345678901234567890 / 12345678901234567890 + 12345678901234567890 - 12345678901234567890){
}

contract StorageLayoutSpecifier10 layout   at 123 is Contract1, Contract2, Contract3, Contract4, Contract5, Contract6, Contract7 { 
}

contract StorageLayoutSpecifier11 layout   at 1234567890 * 1234567890 - 1234567890 / 1234567890 is Contract1, Contract2, Contract3, Contract4, Contract5, Contract6, Contract7 { 
}

contract StorageLayoutSpecifier12 layout   at veryVeryLongFunction(12345678901234567890 * 12345678901234567890 - 12345678901234567890 / 12345678901234567890 + 12345678901234567890 - 12345678901234567890)is Contract1, Contract2, Contract3, Contract4, Contract5, Contract6, Contract7 { 
}


contract InheritanceSpecifier1 is SomeOtherContract(1234,false) {}

contract InheritanceSpecifier2 is SomeOtherContract(1234,false)  layout   at 123 {}

contract InheritanceSpecifier3 is SomeOtherContract(1234,false) layout   at 1234567890 * 1234567890 - 1234567890 / 1234567890 {}

contract InheritanceSpecifier4 is SomeOtherContract(1234,false) layout   at veryVeryLongFunction(12345678901234567890 * 12345678901234567890 - 12345678901234567890 / 12345678901234567890 + 12345678901234567890 - 12345678901234567890) {}

contract LongInheritanceSpecifier1 is SomeOtherContract(123467890,false,0xCA35b7d915458EF540aDe6068dFe2F44E8fa733c) {}

contract LongInheritanceSpecifier2 is SomeOtherContract(123467890,false,0xCA35b7d915458EF540aDe6068dFe2F44E8fa733c) layout   at 123 {}

contract LongInheritanceSpecifier3 is SomeOtherContract(123467890,false,0xCA35b7d915458EF540aDe6068dFe2F44E8fa733c) layout   at 1234567890 * 1234567890 - 1234567890 / 1234567890 {}

contract LongInheritanceSpecifier4 is SomeOtherContract(123467890,false,0xCA35b7d915458EF540aDe6068dFe2F44E8fa733c) layout   at veryVeryLongFunction(12345678901234567890 * 12345678901234567890 - 12345678901234567890 / 12345678901234567890 + 12345678901234567890 - 12345678901234567890){}

=====================================output=====================================
contract ContractDefinition is
    Contract1,
    Contract2,
    Contract3,
    Contract4,
    Contract5
{}

contract StorageLayoutSpecifier layout at 123 {}

contract StorageLayoutSpecifier1 layout at
    1234567890 * 1234567890 - 1234567890 / 1234567890
{}

contract StorageLayoutSpecifier2 layout at
    veryVeryLongFunction(
        12345678901234567890 * 12345678901234567890 -
            12345678901234567890 / 12345678901234567890 +
            12345678901234567890 -
            12345678901234567890
    )
{}

contract StorageLayoutSpecifier3 is Contract1 layout at 123 {}

contract StorageLayoutSpecifier4
    is Contract1, Contract2, Contract3, Contract4, Contract5
    layout at 123
{}

contract StorageLayoutSpecifier5
    is Contract1, Contract2, Contract3, Contract4, Contract5
    layout at 1234567890 * 1234567890 - 1234567890 / 1234567890
{}

contract StorageLayoutSpecifier6
    is Contract1, Contract2, Contract3, Contract4, Contract5
    layout at
        veryVeryLongFunction(
            12345678901234567890 * 12345678901234567890 -
                12345678901234567890 / 12345678901234567890 +
                12345678901234567890 -
                12345678901234567890
        )
{}

contract StorageLayoutSpecifier7
    is
        Contract1,
        Contract2,
        Contract3,
        Contract4,
        Contract5,
        Contract6,
        Contract7
    layout at 123
{}

contract StorageLayoutSpecifier8
    is
        Contract1,
        Contract2,
        Contract3,
        Contract4,
        Contract5,
        Contract6,
        Contract7
    layout at 1234567890 * 1234567890 - 1234567890 / 1234567890
{}

contract StorageLayoutSpecifier9
    is
        Contract1,
        Contract2,
        Contract3,
        Contract4,
        Contract5,
        Contract6,
        Contract7
    layout at
        veryVeryLongFunction(
            12345678901234567890 * 12345678901234567890 -
                12345678901234567890 / 12345678901234567890 +
                12345678901234567890 -
                12345678901234567890
        )
{}

contract StorageLayoutSpecifier10
    is
        Contract1,
        Contract2,
        Contract3,
        Contract4,
        Contract5,
        Contract6,
        Contract7
    layout at 123
{}

contract StorageLayoutSpecifier11
    is
        Contract1,
        Contract2,
        Contract3,
        Contract4,
        Contract5,
        Contract6,
        Contract7
    layout at 1234567890 * 1234567890 - 1234567890 / 1234567890
{}

contract StorageLayoutSpecifier12
    is
        Contract1,
        Contract2,
        Contract3,
        Contract4,
        Contract5,
        Contract6,
        Contract7
    layout at
        veryVeryLongFunction(
            12345678901234567890 * 12345678901234567890 -
                12345678901234567890 / 12345678901234567890 +
                12345678901234567890 -
                12345678901234567890
        )
{}

contract InheritanceSpecifier1 is SomeOtherContract(1234, false) {}

contract InheritanceSpecifier2
    is SomeOtherContract(1234, false)
    layout at 123
{}

contract InheritanceSpecifier3
    is SomeOtherContract(1234, false)
    layout at 1234567890 * 1234567890 - 1234567890 / 1234567890
{}

contract InheritanceSpecifier4
    is SomeOtherContract(1234, false)
    layout at
        veryVeryLongFunction(
            12345678901234567890 * 12345678901234567890 -
                12345678901234567890 / 12345678901234567890 +
                12345678901234567890 -
                12345678901234567890
        )
{}

contract LongInheritanceSpecifier1 is
    SomeOtherContract(
        123467890,
        false,
        0xCA35b7d915458EF540aDe6068dFe2F44E8fa733c
    )
{}

contract LongInheritanceSpecifier2
    is
        SomeOtherContract(
            123467890,
            false,
            0xCA35b7d915458EF540aDe6068dFe2F44E8fa733c
        )
    layout at 123
{}

contract LongInheritanceSpecifier3
    is
        SomeOtherContract(
            123467890,
            false,
            0xCA35b7d915458EF540aDe6068dFe2F44E8fa733c
        )
    layout at 1234567890 * 1234567890 - 1234567890 / 1234567890
{}

contract LongInheritanceSpecifier4
    is
        SomeOtherContract(
            123467890,
            false,
            0xCA35b7d915458EF540aDe6068dFe2F44E8fa733c
        )
    layout at
        veryVeryLongFunction(
            12345678901234567890 * 12345678901234567890 -
                12345678901234567890 / 12345678901234567890 +
                12345678901234567890 -
                12345678901234567890
        )
{}

================================================================================
`;

exports[`ContractDefinitions.sol locations 1`] = `
SourceUnit 0-3497
  SourceUnitMembers 0-3497
    ContractDefinition 0-88
      Identifier 9-27
      ContractSpecifiers 27-84
        InheritanceSpecifier 28-84
          InheritanceTypes 30-84
            InheritanceType 31-40
              IdentifierPath 31-40
                Identifier 31-40
            InheritanceType 42-51
              IdentifierPath 42-51
                Identifier 42-51
            InheritanceType 53-62
              IdentifierPath 53-62
                Identifier 53-62
            InheritanceType 64-73
              IdentifierPath 64-73
                Identifier 64-73
            InheritanceType 75-84
              IdentifierPath 75-84
                Identifier 75-84
      ContractMembers 87-87
    ContractDefinition 90-141
      Identifier 99-121
      ContractSpecifiers 121-137
        StorageLayoutSpecifier 122-137
          DecimalNumberExpression 134-137
      ContractMembers 140-140
    ContractDefinition 143-241
      Identifier 152-175
      ContractSpecifiers 175-237
        StorageLayoutSpecifier 176-237
          AdditiveExpression 188-237
            MultiplicativeExpression 188-211
              DecimalNumberExpression 188-198
              DecimalNumberExpression 201-211
            MultiplicativeExpression 214-237
              DecimalNumberExpression 214-224
              DecimalNumberExpression 227-237
      ContractMembers 240-240
    ContractDefinition 243-448
      Identifier 252-275
      ContractSpecifiers 275-444
        StorageLayoutSpecifier 276-444
          FunctionCallExpression 287-444
            Identifier 287-307
            PositionalArgumentsDeclaration 307-444
              PositionalArguments 308-443
                AdditiveExpression 308-443
                  AdditiveExpression 308-420
                    AdditiveExpression 308-397
                      MultiplicativeExpression 308-351
                        DecimalNumberExpression 308-328
                        DecimalNumberExpression 331-351
                      MultiplicativeExpression 354-397
                        DecimalNumberExpression 354-374
                        DecimalNumberExpression 377-397
                    DecimalNumberExpression 400-420
                  DecimalNumberExpression 423-443
      ContractMembers 447-447
    ContractDefinition 450-517
      Identifier 459-482
      ContractSpecifiers 482-513
        InheritanceSpecifier 483-495
          InheritanceTypes 485-495
            InheritanceType 486-495
              IdentifierPath 486-495
                Identifier 486-495
        StorageLayoutSpecifier 498-513
          DecimalNumberExpression 510-513
      ContractMembers 516-516
    ContractDefinition 519-627
      Identifier 528-551
      ContractSpecifiers 551-624
        InheritanceSpecifier 552-608
          InheritanceTypes 554-608
            InheritanceType 555-564
              IdentifierPath 555-564
                Identifier 555-564
            InheritanceType 566-575
              IdentifierPath 566-575
                Identifier 566-575
            InheritanceType 577-586
              IdentifierPath 577-586
                Identifier 577-586
            InheritanceType 588-597
              IdentifierPath 588-597
                Identifier 588-597
            InheritanceType 599-608
              IdentifierPath 599-608
                Identifier 599-608
        StorageLayoutSpecifier 609-624
          DecimalNumberExpression 621-624
      ContractMembers 626-626
    ContractDefinition 629-783
      Identifier 638-661
      ContractSpecifiers 661-780
        InheritanceSpecifier 662-718
          InheritanceTypes 664-718
            InheritanceType 665-674
              IdentifierPath 665-674
                Identifier 665-674
            InheritanceType 676-685
              IdentifierPath 676-685
                Identifier 676-685
            InheritanceType 687-696
              IdentifierPath 687-696
                Identifier 687-696
            InheritanceType 698-707
              IdentifierPath 698-707
                Identifier 698-707
            InheritanceType 709-718
              IdentifierPath 709-718
                Identifier 709-718
        StorageLayoutSpecifier 719-780
          AdditiveExpression 731-780
            MultiplicativeExpression 731-754
              DecimalNumberExpression 731-741
              DecimalNumberExpression 744-754
            MultiplicativeExpression 757-780
              DecimalNumberExpression 757-767
              DecimalNumberExpression 770-780
      ContractMembers 782-782
    ContractDefinition 785-1047
      Identifier 794-817
      ContractSpecifiers 817-1044
        InheritanceSpecifier 818-874
          InheritanceTypes 820-874
            InheritanceType 821-830
              IdentifierPath 821-830
                Identifier 821-830
            InheritanceType 832-841
              IdentifierPath 832-841
                Identifier 832-841
            InheritanceType 843-852
              IdentifierPath 843-852
                Identifier 843-852
            InheritanceType 854-863
              IdentifierPath 854-863
                Identifier 854-863
            InheritanceType 865-874
              IdentifierPath 865-874
                Identifier 865-874
        StorageLayoutSpecifier 875-1044
          FunctionCallExpression 887-1044
            Identifier 887-907
            PositionalArgumentsDeclaration 907-1044
              PositionalArguments 908-1043
                AdditiveExpression 908-1043
                  AdditiveExpression 908-1020
                    AdditiveExpression 908-997
                      MultiplicativeExpression 908-951
                        DecimalNumberExpression 908-928
                        DecimalNumberExpression 931-951
                      MultiplicativeExpression 954-997
                        DecimalNumberExpression 954-974
                        DecimalNumberExpression 977-997
                    DecimalNumberExpression 1000-1020
                  DecimalNumberExpression 1023-1043
      ContractMembers 1046-1046
    ContractDefinition 1049-1179
      Identifier 1058-1081
      ContractSpecifiers 1081-1176
        InheritanceSpecifier 1082-1160
          InheritanceTypes 1084-1160
            InheritanceType 1085-1094
              IdentifierPath 1085-1094
                Identifier 1085-1094
            InheritanceType 1096-1105
              IdentifierPath 1096-1105
                Identifier 1096-1105
            InheritanceType 1107-1116
              IdentifierPath 1107-1116
                Identifier 1107-1116
            InheritanceType 1118-1127
              IdentifierPath 1118-1127
                Identifier 1118-1127
            InheritanceType 1129-1138
              IdentifierPath 1129-1138
                Identifier 1129-1138
            InheritanceType 1140-1149
              IdentifierPath 1140-1149
                Identifier 1140-1149
            InheritanceType 1151-1160
              IdentifierPath 1151-1160
                Identifier 1151-1160
        StorageLayoutSpecifier 1161-1176
          DecimalNumberExpression 1173-1176
      ContractMembers 1178-1178
    ContractDefinition 1181-1357
      Identifier 1190-1213
      ContractSpecifiers 1213-1354
        InheritanceSpecifier 1214-1292
          InheritanceTypes 1216-1292
            InheritanceType 1217-1226
              IdentifierPath 1217-1226
                Identifier 1217-1226
            InheritanceType 1228-1237
              IdentifierPath 1228-1237
                Identifier 1228-1237
            InheritanceType 1239-1248
              IdentifierPath 1239-1248
                Identifier 1239-1248
            InheritanceType 1250-1259
              IdentifierPath 1250-1259
                Identifier 1250-1259
            InheritanceType 1261-1270
              IdentifierPath 1261-1270
                Identifier 1261-1270
            InheritanceType 1272-1281
              IdentifierPath 1272-1281
                Identifier 1272-1281
            InheritanceType 1283-1292
              IdentifierPath 1283-1292
                Identifier 1283-1292
        StorageLayoutSpecifier 1293-1354
          AdditiveExpression 1305-1354
            MultiplicativeExpression 1305-1328
              DecimalNumberExpression 1305-1315
              DecimalNumberExpression 1318-1328
            MultiplicativeExpression 1331-1354
              DecimalNumberExpression 1331-1341
              DecimalNumberExpression 1344-1354
      ContractMembers 1356-1356
    ContractDefinition 1359-1643
      Identifier 1368-1391
      ContractSpecifiers 1391-1640
        InheritanceSpecifier 1392-1470
          InheritanceTypes 1394-1470
            InheritanceType 1395-1404
              IdentifierPath 1395-1404
                Identifier 1395-1404
            InheritanceType 1406-1415
              IdentifierPath 1406-1415
                Identifier 1406-1415
            InheritanceType 1417-1426
              IdentifierPath 1417-1426
                Identifier 1417-1426
            InheritanceType 1428-1437
              IdentifierPath 1428-1437
                Identifier 1428-1437
            InheritanceType 1439-1448
              IdentifierPath 1439-1448
                Identifier 1439-1448
            InheritanceType 1450-1459
              IdentifierPath 1450-1459
                Identifier 1450-1459
            InheritanceType 1461-1470
              IdentifierPath 1461-1470
                Identifier 1461-1470
        StorageLayoutSpecifier 1471-1640
          FunctionCallExpression 1483-1640
            Identifier 1483-1503
            PositionalArgumentsDeclaration 1503-1640
              PositionalArguments 1504-1639
                AdditiveExpression 1504-1639
                  AdditiveExpression 1504-1616
                    AdditiveExpression 1504-1593
                      MultiplicativeExpression 1504-1547
                        DecimalNumberExpression 1504-1524
                        DecimalNumberExpression 1527-1547
                      MultiplicativeExpression 1550-1593
                        DecimalNumberExpression 1550-1570
                        DecimalNumberExpression 1573-1593
                    DecimalNumberExpression 1596-1616
                  DecimalNumberExpression 1619-1639
      ContractMembers 1642-1642
    ContractDefinition 1645-1778
      Identifier 1654-1678
      ContractSpecifiers 1678-1773
        InheritanceSpecifier 1695-1773
          InheritanceTypes 1697-1773
            InheritanceType 1698-1707
              IdentifierPath 1698-1707
                Identifier 1698-1707
            InheritanceType 1709-1718
              IdentifierPath 1709-1718
                Identifier 1709-1718
            InheritanceType 1720-1729
              IdentifierPath 1720-1729
                Identifier 1720-1729
            InheritanceType 1731-1740
              IdentifierPath 1731-1740
                Identifier 1731-1740
            InheritanceType 1742-1751
              IdentifierPath 1742-1751
                Identifier 1742-1751
            InheritanceType 1753-1762
              IdentifierPath 1753-1762
                Identifier 1753-1762
            InheritanceType 1764-1773
              IdentifierPath 1764-1773
                Identifier 1764-1773
        StorageLayoutSpecifier 1679-1694
          DecimalNumberExpression 1691-1694
      ContractMembers 1777-1777
    ContractDefinition 1780-1959
      Identifier 1789-1813
      ContractSpecifiers 1813-1954
        InheritanceSpecifier 1876-1954
          InheritanceTypes 1878-1954
            InheritanceType 1879-1888
              IdentifierPath 1879-1888
                Identifier 1879-1888
            InheritanceType 1890-1899
              IdentifierPath 1890-1899
                Identifier 1890-1899
            InheritanceType 1901-1910
              IdentifierPath 1901-1910
                Identifier 1901-1910
            InheritanceType 1912-1921
              IdentifierPath 1912-1921
                Identifier 1912-1921
            InheritanceType 1923-1932
              IdentifierPath 1923-1932
                Identifier 1923-1932
            InheritanceType 1934-1943
              IdentifierPath 1934-1943
                Identifier 1934-1943
            InheritanceType 1945-1954
              IdentifierPath 1945-1954
                Identifier 1945-1954
        StorageLayoutSpecifier 1814-1875
          AdditiveExpression 1826-1875
            MultiplicativeExpression 1826-1849
              DecimalNumberExpression 1826-1836
              DecimalNumberExpression 1839-1849
            MultiplicativeExpression 1852-1875
              DecimalNumberExpression 1852-1862
              DecimalNumberExpression 1865-1875
      ContractMembers 1958-1958
    ContractDefinition 1961-2247
      Identifier 1970-1994
      ContractSpecifiers 1994-2242
        InheritanceSpecifier 2164-2242
          InheritanceTypes 2166-2242
            InheritanceType 2167-2176
              IdentifierPath 2167-2176
                Identifier 2167-2176
            InheritanceType 2178-2187
              IdentifierPath 2178-2187
                Identifier 2178-2187
            InheritanceType 2189-2198
              IdentifierPath 2189-2198
                Identifier 2189-2198
            InheritanceType 2200-2209
              IdentifierPath 2200-2209
                Identifier 2200-2209
            InheritanceType 2211-2220
              IdentifierPath 2211-2220
                Identifier 2211-2220
            InheritanceType 2222-2231
              IdentifierPath 2222-2231
                Identifier 2222-2231
            InheritanceType 2233-2242
              IdentifierPath 2233-2242
                Identifier 2233-2242
        StorageLayoutSpecifier 1995-2164
          FunctionCallExpression 2007-2164
            Identifier 2007-2027
            PositionalArgumentsDeclaration 2027-2164
              PositionalArguments 2028-2163
                AdditiveExpression 2028-2163
                  AdditiveExpression 2028-2140
                    AdditiveExpression 2028-2117
                      MultiplicativeExpression 2028-2071
                        DecimalNumberExpression 2028-2048
                        DecimalNumberExpression 2051-2071
                      MultiplicativeExpression 2074-2117
                        DecimalNumberExpression 2074-2094
                        DecimalNumberExpression 2097-2117
                    DecimalNumberExpression 2120-2140
                  DecimalNumberExpression 2143-2163
      ContractMembers 2246-2246
    ContractDefinition 2250-2316
      Identifier 2259-2280
      ContractSpecifiers 2280-2313
        InheritanceSpecifier 2281-2313
          InheritanceTypes 2283-2313
            InheritanceType 2284-2313
              IdentifierPath 2284-2301
                Identifier 2284-2301
              PositionalArgumentsDeclaration 2301-2313
                PositionalArguments 2302-2312
                  DecimalNumberExpression 2302-2306
                  FalseKeyword 2307-2312
      ContractMembers 2315-2315
    ContractDefinition 2318-2401
      Identifier 2327-2348
      ContractSpecifiers 2348-2398
        InheritanceSpecifier 2349-2381
          InheritanceTypes 2351-2381
            InheritanceType 2352-2381
              IdentifierPath 2352-2369
                Identifier 2352-2369
              PositionalArgumentsDeclaration 2369-2381
                PositionalArguments 2370-2380
                  DecimalNumberExpression 2370-2374
                  FalseKeyword 2375-2380
        StorageLayoutSpecifier 2383-2398
          DecimalNumberExpression 2395-2398
      ContractMembers 2400-2400
    ContractDefinition 2403-2531
      Identifier 2412-2433
      ContractSpecifiers 2433-2528
        InheritanceSpecifier 2434-2466
          InheritanceTypes 2436-2466
            InheritanceType 2437-2466
              IdentifierPath 2437-2454
                Identifier 2437-2454
              PositionalArgumentsDeclaration 2454-2466
                PositionalArguments 2455-2465
                  DecimalNumberExpression 2455-2459
                  FalseKeyword 2460-2465
        StorageLayoutSpecifier 2467-2528
          AdditiveExpression 2479-2528
            MultiplicativeExpression 2479-2502
              DecimalNumberExpression 2479-2489
              DecimalNumberExpression 2492-2502
            MultiplicativeExpression 2505-2528
              DecimalNumberExpression 2505-2515
              DecimalNumberExpression 2518-2528
      ContractMembers 2530-2530
    ContractDefinition 2533-2769
      Identifier 2542-2563
      ContractSpecifiers 2563-2766
        InheritanceSpecifier 2564-2596
          InheritanceTypes 2566-2596
            InheritanceType 2567-2596
              IdentifierPath 2567-2584
                Identifier 2567-2584
              PositionalArgumentsDeclaration 2584-2596
                PositionalArguments 2585-2595
                  DecimalNumberExpression 2585-2589
                  FalseKeyword 2590-2595
        StorageLayoutSpecifier 2597-2766
          FunctionCallExpression 2609-2766
            Identifier 2609-2629
            PositionalArgumentsDeclaration 2629-2766
              PositionalArguments 2630-2765
                AdditiveExpression 2630-2765
                  AdditiveExpression 2630-2742
                    AdditiveExpression 2630-2719
                      MultiplicativeExpression 2630-2673
                        DecimalNumberExpression 2630-2650
                        DecimalNumberExpression 2653-2673
                      MultiplicativeExpression 2676-2719
                        DecimalNumberExpression 2676-2696
                        DecimalNumberExpression 2699-2719
                    DecimalNumberExpression 2722-2742
                  DecimalNumberExpression 2745-2765
      ContractMembers 2768-2768
    ContractDefinition 2771-2889
      Identifier 2780-2805
      ContractSpecifiers 2805-2886
        InheritanceSpecifier 2806-2886
          InheritanceTypes 2808-2886
            InheritanceType 2809-2886
              IdentifierPath 2809-2826
                Identifier 2809-2826
              PositionalArgumentsDeclaration 2826-2886
                PositionalArguments 2827-2885
                  DecimalNumberExpression 2827-2836
                  FalseKeyword 2837-2842
                  HexNumberExpression 2843-2885
      ContractMembers 2888-2888
    ContractDefinition 2891-3025
      Identifier 2900-2925
      ContractSpecifiers 2925-3022
        InheritanceSpecifier 2926-3006
          InheritanceTypes 2928-3006
            InheritanceType 2929-3006
              IdentifierPath 2929-2946
                Identifier 2929-2946
              PositionalArgumentsDeclaration 2946-3006
                PositionalArguments 2947-3005
                  DecimalNumberExpression 2947-2956
                  FalseKeyword 2957-2962
                  HexNumberExpression 2963-3005
        StorageLayoutSpecifier 3007-3022
          DecimalNumberExpression 3019-3022
      ContractMembers 3024-3024
    ContractDefinition 3027-3207
      Identifier 3036-3061
      ContractSpecifiers 3061-3204
        InheritanceSpecifier 3062-3142
          InheritanceTypes 3064-3142
            InheritanceType 3065-3142
              IdentifierPath 3065-3082
                Identifier 3065-3082
              PositionalArgumentsDeclaration 3082-3142
                PositionalArguments 3083-3141
                  DecimalNumberExpression 3083-3092
                  FalseKeyword 3093-3098
                  HexNumberExpression 3099-3141
        StorageLayoutSpecifier 3143-3204
          AdditiveExpression 3155-3204
            MultiplicativeExpression 3155-3178
              DecimalNumberExpression 3155-3165
              DecimalNumberExpression 3168-3178
            MultiplicativeExpression 3181-3204
              DecimalNumberExpression 3181-3191
              DecimalNumberExpression 3194-3204
      ContractMembers 3206-3206
    ContractDefinition 3209-3496
      Identifier 3218-3243
      ContractSpecifiers 3243-3494
        InheritanceSpecifier 3244-3324
          InheritanceTypes 3246-3324
            InheritanceType 3247-3324
              IdentifierPath 3247-3264
                Identifier 3247-3264
              PositionalArgumentsDeclaration 3264-3324
                PositionalArguments 3265-3323
                  DecimalNumberExpression 3265-3274
                  FalseKeyword 3275-3280
                  HexNumberExpression 3281-3323
        StorageLayoutSpecifier 3325-3494
          FunctionCallExpression 3337-3494
            Identifier 3337-3357
            PositionalArgumentsDeclaration 3357-3494
              PositionalArguments 3358-3493
                AdditiveExpression 3358-3493
                  AdditiveExpression 3358-3470
                    AdditiveExpression 3358-3447
                      MultiplicativeExpression 3358-3401
                        DecimalNumberExpression 3358-3378
                        DecimalNumberExpression 3381-3401
                      MultiplicativeExpression 3404-3447
                        DecimalNumberExpression 3404-3424
                        DecimalNumberExpression 3427-3447
                    DecimalNumberExpression 3450-3470
                  DecimalNumberExpression 3473-3493
      ContractMembers 3495-3495
`;
