// Jest Snapshot v1, https://goo.gl/fbAQLP

exports[`ModifierDefinitions.sol 1`] = `
contract ModifierDefinitions {
  modifier noParams() {}
  modifier oneParam(uint a) {}
  modifier twoParams(uint a,uint b) {}
  modifier threeParams(uint a,uint b   ,uint c) {}
}
~~~~~~~~~~~~~~~~~~~~~~~~~~~~~~~~~~~~~~~~~~~~~~~~~~~~~~~~~~~~~~~~~~~~~~~~~~~~~~~~
contract ModifierDefinitions {
    modifier noParams() {}
    modifier oneParam(uint256 a) {}
    modifier twoParams(uint256 a, uint256 b) {}
    modifier threeParams(
        uint256 a,
        uint256 b,
        uint256 c
    ) {}
}

`;
