// Jest Snapshot v1, https://jestjs.io/docs/snapshot-testing

exports[`WhileStatements.sol format 1`] = `
====================================options=====================================
parsers: ["slang"]
                                                      printWidth: 80 (default) |
=====================================input======================================
contract WhileStatements {
    uint constant LONG_VARIABLE = 1;

    function whileStatements() public {
        uint a;
        uint veryLongVariableName;

        while (a < 100) a++;

        while (a < 200) a = a.add(LONG_VARIABLE).add(LONG_VARIABLE).add(LONG_VARIABLE);

        while (a < 300) { a++; }

        while (a < 400) { a = a.add(LONG_VARIABLE).add(LONG_VARIABLE).add(LONG_VARIABLE); }

        while (a < veryLongVariableName.add(LONG_VARIABLE).add(LONG_VARIABLE) * 500) a++;

        while (a < veryLongVariableName.add(LONG_VARIABLE).add(LONG_VARIABLE) * 600) { a++; }
    }

    function doWhileStatements() public {
        uint a;
        uint veryLongVariableName;

        do a++; while (a < 100);

        do  a = a.add(LONG_VARIABLE).add(LONG_VARIABLE).add(LONG_VARIABLE); while (a < 200);

        do  { a++; }while (a < 300);

        do  { a = a.add(LONG_VARIABLE).add(LONG_VARIABLE).add(LONG_VARIABLE); }while (a < 400);

        do  a++;while (a < veryLongVariableName.add(LONG_VARIABLE).add(LONG_VARIABLE) * 500);

        do  { a++; }while (a < veryLongVariableName.add(LONG_VARIABLE).add(LONG_VARIABLE) * 600);
    }
}

=====================================output=====================================
contract WhileStatements {
    uint constant LONG_VARIABLE = 1;

    function whileStatements() public {
        uint a;
        uint veryLongVariableName;

        while (a < 100) a++;

        while (a < 200)
            a = a.add(LONG_VARIABLE).add(LONG_VARIABLE).add(LONG_VARIABLE);

        while (a < 300) {
            a++;
        }

        while (a < 400) {
            a = a.add(LONG_VARIABLE).add(LONG_VARIABLE).add(LONG_VARIABLE);
        }

        while (
            a < veryLongVariableName.add(LONG_VARIABLE).add(LONG_VARIABLE) * 500
        ) a++;

        while (
            a < veryLongVariableName.add(LONG_VARIABLE).add(LONG_VARIABLE) * 600
        ) {
            a++;
        }
    }

    function doWhileStatements() public {
        uint a;
        uint veryLongVariableName;

        do a++; while (a < 100);

        do
            a = a.add(LONG_VARIABLE).add(LONG_VARIABLE).add(LONG_VARIABLE);
        while (a < 200);

        do {
            a++;
        } while (a < 300);

        do {
            a = a.add(LONG_VARIABLE).add(LONG_VARIABLE).add(LONG_VARIABLE);
        } while (a < 400);

        do a++; while (
            a < veryLongVariableName.add(LONG_VARIABLE).add(LONG_VARIABLE) * 500
        );

        do {
            a++;
        } while (
            a < veryLongVariableName.add(LONG_VARIABLE).add(LONG_VARIABLE) * 600
        );
    }
}

================================================================================
`;

exports[`WhileStatements.sol locations 1`] = `
SourceUnit 0-1153
  SourceUnitMembers 0-1153
    ContractDefinition 0-1152
      Identifier 9-24
      ContractSpecifiers 24-24
      ContractMembers 27-1151
        StateVariableDefinition 31-63
          UintKeyword 31-35
          StateVariableAttributes 35-44
            ConstantKeyword 36-44
          Identifier 45-58
          StateVariableDefinitionValue 59-62
            DecimalNumberExpression 61-62
        FunctionDefinition 69-593
          Identifier 78-93
          ParametersDeclaration 93-95
            Parameters 94-94
          FunctionAttributes 95-102
            PublicKeyword 96-102
          Block 103-593
            Statements 105-588
              VariableDeclarationStatement 113-120
                UintKeyword 113-117
                Identifier 118-119
              VariableDeclarationStatement 129-155
                UintKeyword 129-133
                Identifier 134-154
              WhileStatement 165-185
                InequalityExpression 172-179
                  Identifier 172-173
                  DecimalNumberExpression 176-179
                ExpressionStatement 181-185
                  PostfixExpression 181-184
                    Identifier 181-182
              WhileStatement 195-274
                InequalityExpression 202-209
                  Identifier 202-203
                  DecimalNumberExpression 206-209
                ExpressionStatement 211-274
                  AssignmentExpression 211-273
                    Identifier 211-212
                    FunctionCallExpression 215-273
                      MemberAccessExpression 215-258
                        FunctionCallExpression 215-254
                          MemberAccessExpression 215-239
                            FunctionCallExpression 215-235
                              MemberAccessExpression 215-220
                                Identifier 215-216
                                Identifier 217-220
                              PositionalArgumentsDeclaration 220-235
                                PositionalArguments 221-234
                                  Identifier 221-234
                            Identifier 236-239
                          PositionalArgumentsDeclaration 239-254
                            PositionalArguments 240-253
                              Identifier 240-253
                        Identifier 255-258
                      PositionalArgumentsDeclaration 258-273
                        PositionalArguments 259-272
                          Identifier 259-272
              WhileStatement 284-308
                InequalityExpression 291-298
                  Identifier 291-292
                  DecimalNumberExpression 295-298
                Block 300-308
                  Statements 301-306
                    ExpressionStatement 302-306
                      PostfixExpression 302-305
                        Identifier 302-303
              WhileStatement 318-401
                InequalityExpression 325-332
                  Identifier 325-326
                  DecimalNumberExpression 329-332
                Block 334-401
                  Statements 335-399
                    ExpressionStatement 336-399
                      AssignmentExpression 336-398
                        Identifier 336-337
                        FunctionCallExpression 340-398
                          MemberAccessExpression 340-383
                            FunctionCallExpression 340-379
                              MemberAccessExpression 340-364
                                FunctionCallExpression 340-360
                                  MemberAccessExpression 340-345
                                    Identifier 340-341
                                    Identifier 342-345
                                  PositionalArgumentsDeclaration 345-360
                                    PositionalArguments 346-359
                                      Identifier 346-359
                                Identifier 361-364
                              PositionalArgumentsDeclaration 364-379
                                PositionalArguments 365-378
                                  Identifier 365-378
                            Identifier 380-383
                          PositionalArgumentsDeclaration 383-398
                            PositionalArguments 384-397
                              Identifier 384-397
              WhileStatement 411-492
                InequalityExpression 418-486
                  Identifier 418-419
                  MultiplicativeExpression 422-486
                    FunctionCallExpression 422-480
                      MemberAccessExpression 422-465
                        FunctionCallExpression 422-461
                          MemberAccessExpression 422-446
                            Identifier 422-442
                            Identifier 443-446
                          PositionalArgumentsDeclaration 446-461
                            PositionalArguments 447-460
                              Identifier 447-460
                        Identifier 462-465
                      PositionalArgumentsDeclaration 465-480
                        PositionalArguments 466-479
                          Identifier 466-479
                    DecimalNumberExpression 483-486
                ExpressionStatement 488-492
                  PostfixExpression 488-491
                    Identifier 488-489
              WhileStatement 502-587
                InequalityExpression 509-577
                  Identifier 509-510
                  MultiplicativeExpression 513-577
                    FunctionCallExpression 513-571
                      MemberAccessExpression 513-556
                        FunctionCallExpression 513-552
                          MemberAccessExpression 513-537
                            Identifier 513-533
                            Identifier 534-537
                          PositionalArgumentsDeclaration 537-552
                            PositionalArguments 538-551
                              Identifier 538-551
                        Identifier 553-556
                      PositionalArgumentsDeclaration 556-571
                        PositionalArguments 557-570
                          Identifier 557-570
                    DecimalNumberExpression 574-577
                Block 579-587
                  Statements 580-585
                    ExpressionStatement 581-585
                      PostfixExpression 581-584
                        Identifier 581-582
        FunctionDefinition 599-1150
          Identifier 608-625
          ParametersDeclaration 625-627
            Parameters 626-626
          FunctionAttributes 627-634
            PublicKeyword 628-634
          Block 635-1150
            Statements 637-1145
              VariableDeclarationStatement 645-652
                UintKeyword 645-649
                Identifier 650-651
              VariableDeclarationStatement 661-687
                UintKeyword 661-665
                Identifier 666-686
              DoWhileStatement 697-721
                ExpressionStatement 700-704
                  PostfixExpression 700-703
                    Identifier 700-701
                InequalityExpression 712-719
                  Identifier 712-713
                  DecimalNumberExpression 716-719
              DoWhileStatement 731-815
                ExpressionStatement 735-798
                  AssignmentExpression 735-797
                    Identifier 735-736
                    FunctionCallExpression 739-797
                      MemberAccessExpression 739-782
                        FunctionCallExpression 739-778
                          MemberAccessExpression 739-763
                            FunctionCallExpression 739-759
                              MemberAccessExpression 739-744
                                Identifier 739-740
                                Identifier 741-744
                              PositionalArgumentsDeclaration 744-759
                                PositionalArguments 745-758
                                  Identifier 745-758
                            Identifier 760-763
                          PositionalArgumentsDeclaration 763-778
                            PositionalArguments 764-777
                              Identifier 764-777
                        Identifier 779-782
                      PositionalArgumentsDeclaration 782-797
                        PositionalArguments 783-796
                          Identifier 783-796
                InequalityExpression 806-813
                  Identifier 806-807
                  DecimalNumberExpression 810-813
              DoWhileStatement 825-853
                Block 829-837
                  Statements 830-835
                    ExpressionStatement 831-835
                      PostfixExpression 831-834
                        Identifier 831-832
                InequalityExpression 844-851
                  Identifier 844-845
                  DecimalNumberExpression 848-851
              DoWhileStatement 863-950
                Block 867-934
                  Statements 868-932
                    ExpressionStatement 869-932
                      AssignmentExpression 869-931
                        Identifier 869-870
                        FunctionCallExpression 873-931
                          MemberAccessExpression 873-916
                            FunctionCallExpression 873-912
                              MemberAccessExpression 873-897
                                FunctionCallExpression 873-893
                                  MemberAccessExpression 873-878
                                    Identifier 873-874
                                    Identifier 875-878
                                  PositionalArgumentsDeclaration 878-893
                                    PositionalArguments 879-892
                                      Identifier 879-892
                                Identifier 894-897
                              PositionalArgumentsDeclaration 897-912
                                PositionalArguments 898-911
                                  Identifier 898-911
                            Identifier 913-916
                          PositionalArgumentsDeclaration 916-931
                            PositionalArguments 917-930
                              Identifier 917-930
                InequalityExpression 941-948
                  Identifier 941-942
                  DecimalNumberExpression 945-948
              DoWhileStatement 960-1045
                ExpressionStatement 964-968
                  PostfixExpression 964-967
                    Identifier 964-965
                InequalityExpression 975-1043
                  Identifier 975-976
                  MultiplicativeExpression 979-1043
                    FunctionCallExpression 979-1037
                      MemberAccessExpression 979-1022
                        FunctionCallExpression 979-1018
                          MemberAccessExpression 979-1003
                            Identifier 979-999
                            Identifier 1000-1003
                          PositionalArgumentsDeclaration 1003-1018
                            PositionalArguments 1004-1017
                              Identifier 1004-1017
                        Identifier 1019-1022
                      PositionalArgumentsDeclaration 1022-1037
                        PositionalArguments 1023-1036
                          Identifier 1023-1036
                    DecimalNumberExpression 1040-1043
              DoWhileStatement 1055-1144
                Block 1059-1067
                  Statements 1060-1065
                    ExpressionStatement 1061-1065
                      PostfixExpression 1061-1064
                        Identifier 1061-1062
                InequalityExpression 1074-1142
                  Identifier 1074-1075
                  MultiplicativeExpression 1078-1142
                    FunctionCallExpression 1078-1136
                      MemberAccessExpression 1078-1121
                        FunctionCallExpression 1078-1117
                          MemberAccessExpression 1078-1102
                            Identifier 1078-1098
                            Identifier 1099-1102
                          PositionalArgumentsDeclaration 1102-1117
                            PositionalArguments 1103-1116
                              Identifier 1103-1116
                        Identifier 1118-1121
                      PositionalArgumentsDeclaration 1121-1136
                        PositionalArguments 1122-1135
                          Identifier 1122-1135
                    DecimalNumberExpression 1139-1142
`;
